 spider

 Timestamp is 30f6f276 (Fri Jan 12 15:44:54 1996)

 Preferred load address is 00400000

 Start         Length     Name                   Class
 0001:00000000 00007412H .text                   CODE
 0001:00007412 0000008cH .text$AFX_AUX           CODE
 0001:0000749e 000001aeH .text$AFX_COL1          CODE
 0001:0000764c 00000327H .text$AFX_COL2          CODE
 0001:00007973 00005b8eH .text$AFX_CORE1         CODE
 0001:0000d501 00000c42H .text$AFX_CORE2         CODE
 0001:0000e143 000003cbH .text$AFX_CORE3         CODE
 0001:0000e50e 00002263H .text$AFX_CORE4         CODE
 0001:00010771 000024d0H .text$AFX_INIT          CODE
 0001:00012c41 000001d7H .text$AFX_TERM          CODE
 0002:00000000 00001851H .rdata                  DATA
 0002:00001858 00000b68H .rdata$r                DATA
 0002:000023c0 000017c0H .xdata$x                DATA
 0002:00003b80 00000000H .edata                  DATA
 0003:00000000 00000004H .CRT$XCA                DATA
 0003:00000004 0000000cH .CRT$XCC                DATA
 0003:00000010 00000010H .CRT$XCL                DATA
 0003:00000020 000000c4H .CRT$XCU                DATA
 0003:000000e4 00000004H .CRT$XCZ                DATA
 0003:000000e8 00000004H .CRT$XIA                DATA
 0003:000000ec 00000008H .CRT$XIC                DATA
 0003:000000f4 00000004H .CRT$XIZ                DATA
 0003:000000f8 00000004H .CRT$XPA                DATA
 0003:000000fc 00000004H .CRT$XPX                DATA
 0003:00000100 00000004H .CRT$XPZ                DATA
 0003:00000104 00000004H .CRT$XTA                DATA
 0003:00000108 00000004H .CRT$XTZ                DATA
 0003:00000110 00001eb8H .data                   DATA
 0003:00001fc8 000039b8H .bss                    DATA
 0004:00000000 000000a0H .idata$2                DATA
 0004:000000a0 00000014H .idata$3                DATA
 0004:000000b4 00000404H .idata$4                DATA
 0004:000004b8 00000404H .idata$5                DATA
 0004:000008bc 0000109eH .idata$6                DATA
 0005:00000000 00000290H .rsrc$01                DATA
 0005:00000290 0000084cH .rsrc$02                DATA

  Address         Publics by Value              Rva+Base   Lib:Object

 0001:00000000       ?ClearColumn@@YAXAAVCDC@@H@Z 00401000 f spider.obj
 0001:00000027       ?ClearColumnTail@@YAXAAVCDC@@HH@Z 00401027 f spider.obj
 0001:00000050       ?DisplayCard@@YAXAAVCDC@@PAVCard@@H@Z 00401050 f spider.obj
 0001:000000ca       ?DisplayColumnNumber@@YAXAAVCDC@@HE@Z 004010ca f spider.obj
 0001:000000f3       ?DisplayError@@YAXPAD@Z    004010f3 f spider.obj
 0001:00000114       ?UpdateDeals@@YAXXZ        00401114 f spider.obj
 0001:00000186       ?RenumberColumn@@YAXH@Z    00401186 f spider.obj
 0001:000001d3       ?DisplayFullSuitMsg@@YAXH@Z 004011d3 f spider.obj
 0001:0000029c       ?SetupDeck@@YAXPAVCard@@@Z 0040129c f spider.obj
 0001:00000352       ?Shuffle@@YAXPAVCard@@@Z   00401352 f spider.obj
 0001:0000042a       ?Deal@@YAPAVCard@@PAV1@@Z  0040142a f spider.obj
 0001:000004b8       ?FindTopOfSuit@@YAPAVCard@@H@Z 004014b8 f spider.obj
 0001:00000548       ?CheckSuits@@YAXXZ         00401548 f spider.obj
 0001:000006ba       ?IsMoveNatural@@YAHHH@Z    004016ba f spider.obj
 0001:0000076b       ?IsMoveValid@@YAHHH@Z      0040176b f spider.obj
 0001:0000089e       ?MakeMove@@YAXAAVCDC@@HH@Z 0040189e f spider.obj
 0001:00000aea       ?AddCard@@YAXHPAVCard@@@Z  00401aea f spider.obj
 0001:00000b7b       ?IsRemoveValid@@YAHH@Z     00401b7b f spider.obj
 0001:00000be9       ?RemoveSuit@@YAXH@Z        00401be9 f spider.obj
 0001:00000c72       ?DisplayColumn@@YAXAAVCDC@@H@Z 00401c72 f spider.obj
 0001:00000cd5       ?ColumnLength@@YAHH@Z      00401cd5 f spider.obj
 0001:00000d0f       ?ProcessCommand@@YAHAAVCDC@@D@Z 00401d0f f spider.obj
 0001:00001210       ?SpiderInit@@YAXXZ         00402210 f spider.obj
 0001:00001290       ?AfxGetApp@@YGPAVCWinApp@@XZ 00402290 f spider.obj
 0001:000012b0       ?SetError@CMainWindow@@QAEXPAD@Z 004022b0 f spider.obj
 0001:000012e0       ?SetDeals@CMainWindow@@QAEXPAD@Z 004022e0 f spider.obj
 0001:00001310       ?SetSuits@CMainWindow@@QAEXPAD@Z 00402310 f spider.obj
 0001:00001340       ??BCString@@QBEPBDXZ       00402340 f spider.obj
 0001:00001360       ?ShowSuit@CMainWindow@@QAEXH@Z 00402360 f spider.obj
 0001:000013a0       ?HideSuit@CMainWindow@@QAEXH@Z 004023a0 f spider.obj
 0001:000013d5       ?InitInstance@CSpiderApp@@UAEHXZ 004023d5 f frame.obj
 0001:00001457       ??3CObject@@SGXPAX@Z       00402457 f frame.obj
 0001:000014be       ?Serialize@CObject@@UAEXAAVCArchive@@@Z 004024be f frame.obj
 0001:000014c1       ?AssertValid@CObject@@UBEXXZ 004024c1 f frame.obj
 0001:000014c2       ?Dump@CObject@@UBEXAAVCDumpContext@@@Z 004024c2 f frame.obj
 0001:0000150a       ??_ECSpiderApp@@UAEPAXI@Z  0040250a f frame.obj
 0001:0000150a       ??_GCSpiderApp@@UAEPAXI@Z  0040250a f frame.obj
 0001:0000155c       ?GetMessageMap@CMainWindow@@MBEPBUAFX_MSGMAP@@XZ 0040255c f frame.obj
 0001:00001562       ??0CMainWindow@@QAE@XZ     00402562 f frame.obj
 0001:00001872       ??_GCObject@@UAEPAXI@Z     00402872 f frame.obj
 0001:00001872       ??_ECObject@@UAEPAXI@Z     00402872 f frame.obj
 0001:00001891       ??1CObject@@UAE@XZ         00402891 f frame.obj
 0001:00001898       ??_ECGdiObject@@UAEPAXI@Z  00402898 f frame.obj
 0001:00001898       ??_GCGdiObject@@UAEPAXI@Z  00402898 f frame.obj
 0001:000018fc       ??1CGdiObject@@UAE@XZ      004028fc f frame.obj
 0001:00001949       ??_ECBrush@@UAEPAXI@Z      00402949 f frame.obj
 0001:00001949       ??_GCBrush@@UAEPAXI@Z      00402949 f frame.obj
 0001:000019a1       ??1CBrush@@UAE@XZ          004029a1 f frame.obj
 0001:000019e2       ??_GCFont@@UAEPAXI@Z       004029e2 f frame.obj
 0001:000019e2       ??_ECFont@@UAEPAXI@Z       004029e2 f frame.obj
 0001:00001a3a       ??1CFont@@UAE@XZ           00402a3a f frame.obj
 0001:00001a7b       ?DoDataExchange@CWnd@@MAEXPAVCDataExchange@@@Z 00402a7b f frame.obj
 0001:00001a7e       ?BeginModalState@CWnd@@UAEXXZ 00402a7e f frame.obj
 0001:00001a8a       ?EndModalState@CWnd@@UAEXXZ 00402a8a f frame.obj
 0001:00001a96       ??0CStatic@@QAE@XZ         00402a96 f frame.obj
 0001:00001ae5       ??_ECStatic@@UAEPAXI@Z     00402ae5 f frame.obj
 0001:00001ae5       ??_GCStatic@@UAEPAXI@Z     00402ae5 f frame.obj
 0001:00001b03       ??_ECButton@@UAEPAXI@Z     00402b03 f frame.obj
 0001:00001b03       ??_GCButton@@UAEPAXI@Z     00402b03 f frame.obj
 0001:00001b21       ??_GCMainWindow@@UAEPAXI@Z 00402b21 f frame.obj
 0001:00001b21       ??_ECMainWindow@@UAEPAXI@Z 00402b21 f frame.obj
 0001:00001c6c       ?SetupCards@CMainWindow@@QAE?AVCSize@@XZ 00402c6c f frame.obj
 0001:00001d0c       ?ShutDown@CMainWindow@@QAEXXZ 00402d0c f frame.obj
 0001:00001d68       ?OnCreate@CMainWindow@@QAEHPAUtagCREATESTRUCTA@@@Z 00402d68 f frame.obj
 0001:0000204d       ?OnLButtonDown@CMainWindow@@QAEXIVCPoint@@@Z 0040304d f frame.obj
 0001:000020cb       ?OnLButtonDblClk@CMainWindow@@QAEXIVCPoint@@@Z 004030cb f frame.obj
 0001:00002195       ?OnDeal@CMainWindow@@QAEXXZ 00403195 f frame.obj
 0001:00002212       ?OnReset@CMainWindow@@QAEXXZ 00403212 f frame.obj
 0001:00002232       ?OnRemove@CMainWindow@@QAEXXZ 00403232 f frame.obj
 0001:000022c6       ?OnSize@CMainWindow@@QAEXIHH@Z 004032c6 f frame.obj
 0001:00002357       ?OnPaint@CMainWindow@@QAEXXZ 00403357 f frame.obj
 0001:0000243c       ?OnExit@CMainWindow@@QAEXXZ 0040343c f frame.obj
 0001:0000244d       ?OnAbout@CMainWindow@@QAEXXZ 0040344d f frame.obj
 0001:000024a2       ?OnCtlColor@CMainWindow@@QAEPAUHBRUSH__@@PAVCDC@@PAVCWnd@@I@Z 004034a2 f frame.obj
 0001:000024f4       ?ClearColumnTail@CMainWindow@@QAEXAAVCDC@@HH@Z 004034f4 f frame.obj
 0001:000025f8       ?ColumnNumber@CMainWindow@@QAEXAAVCDC@@HE@Z 004035f8 f frame.obj
 0001:00002661       ?PlaceBitmap@CMainWindow@@QAEXAAVCDC@@HHH@Z 00403661 f frame.obj
 0001:00002796       ?OnPreferences@CMainWindow@@QAEXXZ 00403796 f frame.obj
 0001:0000282a       ??_ECPreferences@@UAEPAXI@Z 0040382a f frame.obj
 0001:0000282a       ??_GCPreferences@@UAEPAXI@Z 0040382a f frame.obj
 0001:0000287c       ??1CPreferences@@UAE@XZ    0040387c f frame.obj
 0001:000028b7       ?GetMessageMap@CPreferences@@MBEPBUAFX_MSGMAP@@XZ 004038b7 f frame.obj
 0001:000028bd       ?OnInitDialog@CPreferences@@UAEHXZ 004038bd f frame.obj
 0001:0000298f       ?OnOK@CPreferences@@UAEXXZ 0040398f f frame.obj
 0001:000029c9       ?OnSetDefaults@CPreferences@@QAEXXZ 004039c9 f frame.obj
 0001:00002a0e       ?OnHScroll@CPreferences@@QAEXIIPAVCScrollBar@@@Z 00403a0e f frame.obj
 0001:00002a68       ?CreateObject@?$CProcessLocal@V_AFX_BASE_MODULE_STATE@@@@SGPAVCNoTrackObject@@XZ 00403a68 f nafxcw:afxstate.obj
 0001:00002add       ??1CNoTrackObject@@UAE@XZ  00403add f nafxcw:afxstate.obj
 0001:00002ae4       ??_GCNoTrackObject@@UAEPAXI@Z 00403ae4 f nafxcw:afxstate.obj
 0001:00002ae4       ??_ECNoTrackObject@@UAEPAXI@Z 00403ae4 f nafxcw:afxstate.obj
 0001:00002b00       ?CreateObject@?$CProcessLocal@VAFX_MODULE_PROCESS_STATE@@@@SGPAVCNoTrackObject@@XZ 00403b00 f nafxcw:afxstate.obj
 0001:00002b5a       ?CreateObject@?$CThreadLocal@VAFX_MODULE_THREAD_STATE@@@@SGPAVCNoTrackObject@@XZ 00403b5a f nafxcw:afxstate.obj
 0001:00002bb4       ?CreateObject@?$CThreadLocal@V_AFX_THREAD_STATE@@@@SGPAVCNoTrackObject@@XZ 00403bb4 f nafxcw:afxstate.obj
 0001:00002c11       ??_9@$BMI@A                00403c11 f nafxcw:dlgcore.obj
 0001:00002c19       ??_9@$BMM@A                00403c19 f nafxcw:dlgcore.obj
 0001:00002c21       ?CreateObject@?$CProcessLocal@V_AFX_CTL3D_STATE@@@@SGPAVCNoTrackObject@@XZ 00403c21 f nafxcw:thrdcore.obj
 0001:00002c8e       ??_E_AFX_CTL3D_STATE@@UAEPAXI@Z 00403c8e f nafxcw:thrdcore.obj
 0001:00002c8e       ??_G_AFX_CTL3D_STATE@@UAEPAXI@Z 00403c8e f nafxcw:thrdcore.obj
 0001:00002ca9       ?CreateObject@?$CThreadLocal@V_AFX_CTL3D_THREAD@@@@SGPAVCNoTrackObject@@XZ 00403ca9 f nafxcw:thrdcore.obj
 0001:00002d16       ??_G_AFX_CTL3D_THREAD@@UAEPAXI@Z 00403d16 f nafxcw:thrdcore.obj
 0001:00002d16       ??_E_AFX_CTL3D_THREAD@@UAEPAXI@Z 00403d16 f nafxcw:thrdcore.obj
 0001:00002d31       ??1CException@@UAE@XZ      00403d31 f nafxcw:wingdi.obj
 0001:00002d72       ??_GCException@@UAEPAXI@Z  00403d72 f nafxcw:wingdi.obj
 0001:00002d72       ??_ECException@@UAEPAXI@Z  00403d72 f nafxcw:wingdi.obj
 0001:00002dca       ??_GCSimpleException@@UAEPAXI@Z 00403dca f nafxcw:wingdi.obj
 0001:00002dca       ??_ECSimpleException@@UAEPAXI@Z 00403dca f nafxcw:wingdi.obj
 0001:00002e22       ??1CSimpleException@@UAE@XZ 00403e22 f nafxcw:wingdi.obj
 0001:00002e63       ??_ECResourceException@@UAEPAXI@Z 00403e63 f nafxcw:wingdi.obj
 0001:00002e63       ??_GCResourceException@@UAEPAXI@Z 00403e63 f nafxcw:wingdi.obj
 0001:00002ebb       ??_GCUserException@@UAEPAXI@Z 00403ebb f nafxcw:wingdi.obj
 0001:00002ebb       ??_ECUserException@@UAEPAXI@Z 00403ebb f nafxcw:wingdi.obj
 0001:00002f13       ?PtVisible@CDC@@UBEHHH@Z   00403f13 f nafxcw:wingdi.obj
 0001:00002f27       ?RectVisible@CDC@@UBEHPBUtagRECT@@@Z 00403f27 f nafxcw:wingdi.obj
 0001:00002f37       ?TextOutA@CDC@@UAEHHHPBDH@Z 00403f37 f nafxcw:wingdi.obj
 0001:00002f54       ?ExtTextOutA@CDC@@UAEHHHIPBUtagRECT@@PBDIPAH@Z 00403f54 f nafxcw:wingdi.obj
 0001:00002f7a       ?TabbedTextOutA@CDC@@UAE?AVCSize@@HHPBDHHPAHH@Z 00403f7a f nafxcw:wingdi.obj
 0001:00002fb3       ?DrawTextA@CDC@@UAEHPBDHPAUtagRECT@@I@Z 00403fb3 f nafxcw:wingdi.obj
 0001:00002fd0       ?GrayStringA@CDC@@UAEHPAVCBrush@@P6GHPAUHDC__@@JH@ZJHHHHH@Z 00403fd0 f nafxcw:wingdi.obj
 0001:00003006       ?Escape@CDC@@UAEHHHPBDPAX@Z 00404006 f nafxcw:wingdi.obj
 0001:00003023       ?CreateObject@?$CProcessLocal@V_AFX_WIN_STATE@@@@SGPAVCNoTrackObject@@XZ 00404023 f nafxcw:wincore.obj
 0001:0000307d       ??1CWaitCursor@@QAE@XZ     0040407d f nafxcw:wincore.obj
 0001:0000308a       ??_GCMenu@@UAEPAXI@Z       0040408a f nafxcw:winmenu.obj
 0001:0000308a       ??_ECMenu@@UAEPAXI@Z       0040408a f nafxcw:winmenu.obj
 0001:000030ee       ??_GCMemoryException@@UAEPAXI@Z 004040ee f nafxcw:except.obj
 0001:000030ee       ??_ECMemoryException@@UAEPAXI@Z 004040ee f nafxcw:except.obj
 0001:00003146       ??_ECNotSupportedException@@UAEPAXI@Z 00404146 f nafxcw:except.obj
 0001:00003146       ??_GCNotSupportedException@@UAEPAXI@Z 00404146 f nafxcw:except.obj
 0001:000031a0       _srand                     004041a0 f libc:rand.obj
 0001:000031b0       _rand                      004041b0 f libc:rand.obj
 0001:000031e0       _memset                    004041e0 f libc:memset.obj
 0001:00003240       ?_JumpToContinuation@@YGXPAXPAUEHRegistrationNode@@@Z 00404240 f libc:trnsctrl.obj
 0001:00003280       ?_CallMemberFunction0@@YGXPAX0@Z 00404280 f libc:trnsctrl.obj
 0001:00003290       ?_CallMemberFunction1@@YGXPAX00@Z 00404290 f libc:trnsctrl.obj
 0001:000032a0       ?_CallMemberFunction2@@YGXPAX00H@Z 004042a0 f libc:trnsctrl.obj
 0001:000032b0       ?_UnwindNestedFrames@@YGXPAUEHRegistrationNode@@PAUEHExceptionRecord@@@Z 004042b0 f libc:trnsctrl.obj
 0001:00003310       ___CxxFrameHandler         00404310 f libc:trnsctrl.obj
 0001:00003350       ?_CallCatchBlock2@@YAPAXPAUEHRegistrationNode@@PBU_s_FuncInfo@@PAXHK@Z 00404350 f libc:trnsctrl.obj
 0001:000033f0       ?_CallSETranslator@@YAHPAUEHExceptionRecord@@PAUEHRegistrationNode@@PAX2PBU_s_FuncInfo@@H1@Z 004043f0 f libc:trnsctrl.obj
 0001:0000353c       __global_unwind2           0040453c f libc:exsup.obj
 0001:0000357e       __local_unwind2            0040457e f libc:exsup.obj
 0001:000035d6       __NLG_Return2              004045d6   libc:exsup.obj
 0001:000035e6       __abnormal_termination     004045e6 f libc:exsup.obj
 0001:00003609       __NLG_Notify1              00404609 f libc:exsup.obj
 0001:00003612       __NLG_Notify               00404612 f libc:exsup.obj
 0001:00003625       __NLG_Dispatch             00404625   libc:exsup.obj
 0001:0000362c       __EH_prolog                0040462c f libc:ehprolog.obj
 0001:00003650       __onexit                   00404650 f libc:onexit.obj
 0001:000036d0       _atexit                    004046d0 f libc:onexit.obj
 0001:000036f0       ___onexitinit              004046f0 f libc:onexit.obj
 0001:00003730       ??_M@YGXPAXIHP6EX0@Z@Z     00404730 f libc:ehvecdtr.obj
 0001:000037c0       ?__ArrayUnwind@@YGXPAXIHP6EX0@Z@Z 004047c0 f libc:ehvecdtr.obj
 0001:00003860       ??_L@YGXPAXIHP6EX0@Z1@Z    00404860 f libc:ehvecctr.obj
 0001:000038f0       _WinMainCRTStartup         004048f0 f libc:wincrt0.obj
 0001:00003a80       __amsg_exit                00404a80 f libc:wincrt0.obj
 0001:00003ab0       ??1type_info@@UAE@XZ       00404ab0 f libc:typinfo.obj
 0001:00003ad0       ??_Etype_info@@UAEPAXI@Z   00404ad0 f libc:typinfo.obj
 0001:00003ad0       ??_Gtype_info@@UAEPAXI@Z   00404ad0 f libc:typinfo.obj
 0001:00003af0       _free                      00404af0 f libc:free.obj
 0001:00003b10       _memcpy                    00404b10 f libc:memcpy.obj
 0001:00003c60       _wcslen                    00404c60 f libc:wcslen.obj
 0001:00003c80       __mbschr                   00404c80 f libc:mbschr.obj
 0001:00003d10       __mbscmp                   00404d10 f libc:mbscmp.obj
 0001:00003dc0       _malloc                    00404dc0 f libc:malloc.obj
 0001:00003de0       __nh_malloc                00404de0 f libc:malloc.obj
 0001:00003e20       __heap_alloc               00404e20 f libc:malloc.obj
 0001:00003e40       __cinit                    00404e40 f libc:crt0dat.obj
 0001:00003e70       _exit                      00404e70 f libc:crt0dat.obj
 0001:00003e90       __exit                     00404e90 f libc:crt0dat.obj
 0001:00003f50       __CxxThrowException@8      00404f50 f libc:throw.obj
 0001:00003fa0       __chkstk                   00404fa0   libc:chkstk.obj
 0001:00003fa0       __alloca_probe             00404fa0   libc:chkstk.obj
 0001:00003fd0       _strlen                    00404fd0 f libc:strlen.obj
 0001:00004050       __mbsinc                   00405050 f libc:mbsinc.obj
 0001:00004070       _memmove                   00405070 f libc:memmove.obj
 0001:000041c0       __expand                   004051c0 f libc:expand.obj
 0001:000041f0       __msize                    004051f0 f libc:msize.obj
 0001:00004210       __strdup                   00405210 f libc:strdup.obj
 0001:00004240       __setmbcp                  00405240 f libc:mbctype.obj
 0001:00004500       ___initmbctable            00405500 f libc:mbctype.obj
 0001:00004510       __mbsrchr                  00405510 f libc:mbsrchr.obj
 0001:00004580       ___InternalCxxFrameHandler 00405580 f libc:frame.obj
 0001:00004a60       ___FrameUnwindToState      00405a60 f libc:frame.obj
 0001:00004fe0       __CallSettingFrame@12      00405fe0 f libc:lowhelpr.obj
 0001:00005005       __NLG_Return               00406005   libc:lowhelpr.obj
 0001:00005030       ?terminate@@YAXXZ          00406030 f libc:hooks.obj
 0001:000050b0       ?_inconsistency@@YAXXZ     004060b0 f libc:hooks.obj
 0001:00005130       _realloc                   00406130 f libc:realloc.obj
 0001:000051a8       __except_handler3          004061a8 f libc:exsup3.obj
 0001:00005265       __seh_longjmp_unwind@4     00406265 f libc:exsup3.obj
 0001:00005280       __XcptFilter               00406280 f libc:winxfltr.obj
 0001:00005410       __ismbblead                00406410 f libc:ismbbyte.obj
 0001:00005470       __setenvp                  00406470 f libc:stdenvp.obj
 0001:00005550       __setargv                  00406550 f libc:stdargv.obj
 0001:000057d0       ___crtGetEnvironmentStringsA 004067d0 f libc:aw_env.obj
 0001:00005970       __ioinit                   00406970 f libc:ioinit.obj
 0001:00005b50       __heap_init                00406b50 f libc:heapinit.obj
 0001:00005b70       __FF_MSGBANNER             00406b70 f libc:crt0msg.obj
 0001:00005bb0       __NMSG_WRITE               00406bb0 f libc:crt0msg.obj
 0001:00005da0       _strchr                    00406da0 f libc:strchr.obj
 0001:00005dc0       _strpbrk                   00406dc0 f libc:strpbrk.obj
 0001:00005e00       __strrev                   00406e00 f libc:strrev.obj
 0001:00005e30       __callnewh                 00406e30 f libc:handler.obj
 0001:00005e90       ?__CxxUnhandledExceptionFilter@@YGJPAU_EXCEPTION_POINTERS@@@Z 00406e90 f libc:unhandld.obj
 0001:00005ef0       ?__CxxRestoreUnhandledExceptionFilter@@YAXXZ 00406ef0 f libc:unhandld.obj
 0001:00005f00       __isctype                  00406f00 f libc:isctype.obj
 0001:00005fa0       _strcpy                    00406fa0 f libc:strcat.obj
 0001:00005fa8       _strcat                    00406fa8 f libc:strcat.obj
 0001:00006090       _strrchr                   00407090 f libc:strrchr.obj
 0001:000060c0       __strcmpi                  004070c0   libc:stricmp.obj
 0001:000060c0       __stricmp                  004070c0 f libc:stricmp.obj
 0001:00006150       ?_ValidateRead@@YAHPBXI@Z  00407150 f libc:validate.obj
 0001:00006170       ?_ValidateWrite@@YAHPAXI@Z 00407170 f libc:validate.obj
 0001:00006190       ?_ValidateExecute@@YAHP6GHXZ@Z 00407190 f libc:validate.obj
 0001:000061b0       _abort                     004071b0 f libc:abort.obj
 0001:000061d0       ___crtMessageBoxA          004071d0 f libc:crtmbox.obj
 0001:00006270       _strncpy                   00407270 f libc:strncpy.obj
 0001:000062a0       ___crtGetStringTypeA       004072a0 f libc:aw_str.obj
 0001:000063d0       _tolower                   004073d0 f libc:tolower.obj
 0001:000064c0       _raise                     004074c0 f libc:winsig.obj
 0001:00006690       _fflush                    00407690 f libc:fflush.obj
 0001:000066e0       __flush                    004076e0 f libc:fflush.obj
 0001:00006750       __flushall                 00407750 f libc:fflush.obj
 0001:000067d0       ___initstdio               004077d0 f libc:_file.obj
 0001:000068a0       ___endstdio                004078a0 f libc:_file.obj
 0001:000068c0       _strncat                   004078c0 f libc:strncat.obj
 0001:00006900       _calloc                    00407900 f libc:calloc.obj
 0001:00006960       ___crtLCMapStringA         00407960 f libc:aw_map.obj
 0001:00006bc0       __commit                   00407bc0 f libc:commit.obj
 0001:00006c30       __write                    00407c30 f libc:write.obj
 0001:00006e60       __fcloseall                00407e60 f libc:closeall.obj
 0001:00006ee0       __freebuf                  00407ee0 f libc:_freebuf.obj
 0001:00006f20       __free_osfhnd              00407f20 f libc:osfinfo.obj
 0001:00006fb0       __get_osfhandle            00407fb0 f libc:osfinfo.obj
 0001:00007000       __dosmaperr                00408000 f libc:dosmap.obj
 0001:00007070       __lseek                    00408070 f libc:lseek.obj
 0001:00007130       _fclose                    00408130 f libc:fclose.obj
 0001:000071a0       __aulldiv                  004081a0 f libc:ulldiv.obj
 0001:00007210       __aullrem                  00408210 f libc:ullrem.obj
 0001:00007290       __close                    00408290 f libc:close.obj
 0001:00007360       __fptrap                   00408360 f libc:crt0fp.obj
 0001:0000736c       _RtlUnwind@16              0040836c f kernel32:KERNEL32.dll
 0001:00007372       _ReuseDDElParam@20         00408372 f user32:USER32.dll
 0001:00007378       _UnpackDDElParam@16        00408378 f user32:USER32.dll
 0001:0000737e       _ClosePrinter@4            0040837e f winspool:WINSPOOL.DRV
 0001:00007384       _DocumentPropertiesA@24    00408384 f winspool:WINSPOOL.DRV
 0001:0000738a       _OpenPrinterA@12           0040838a f winspool:WINSPOOL.DRV
 0001:00007390       _WinMain@16                00408390 f nafxcw:appmodul.obj
 0001:000073a9       ?AfxInitialize@@YGHHK@Z    004083a9 f nafxcw:appmodul.obj
 0001:000073cb       ??0_AFX_TERM_APP_STATE@@QAE@XZ 004083cb f nafxcw:appmodul.obj
 0001:000073de       ??1_AFX_TERM_APP_STATE@@QAE@XZ 004083de f nafxcw:appmodul.obj
 0001:00007412       ?InitString@CSimpleException@@QAEXXZ 00408412 f nafxcw:except.obj
 0001:0000743b       ?GetErrorMessage@CSimpleException@@UAEHPADIPAI@Z 0040843b f nafxcw:except.obj
 0001:00007480       ?AfxThrowMemoryException@@YGXXZ 00408480 f nafxcw:except.obj
 0001:0000749e       ??0CPtrList@@QAE@H@Z       0040849e f nafxcw:list_p.obj
 0001:00007503       ??_ECPtrList@@UAEPAXI@Z    00408503 f nafxcw:list_p.obj
 0001:00007503       ??_GCPtrList@@UAEPAXI@Z    00408503 f nafxcw:list_p.obj
 0001:00007521       ?RemoveAll@CPtrList@@QAEXXZ 00408521 f nafxcw:list_p.obj
 0001:00007541       ??1CPtrList@@UAE@XZ        00408541 f nafxcw:list_p.obj
 0001:0000758e       ?NewNode@CPtrList@@IAEPAUCNode@1@PAU21@0@Z 0040858e f nafxcw:list_p.obj
 0001:000075e7       ?AddTail@CPtrList@@QAEPAU__POSITION@@PAX@Z 004085e7 f nafxcw:list_p.obj
 0001:00007612       ?Create@CPlexNew@@SGPAU1@AAPAU1@II@Z 00408612 f nafxcw:plex.obj
 0001:00007634       ?FreeDataChain@CPlexNew@@QAEXXZ 00408634 f nafxcw:plex.obj
 0001:0000764c       ??0CMapPtrToPtr@@QAE@H@Z   0040864c f nafxcw:map_pp.obj
 0001:000076b5       ??_ECMapPtrToPtr@@UAEPAXI@Z 004086b5 f nafxcw:map_pp.obj
 0001:000076b5       ??_GCMapPtrToPtr@@UAEPAXI@Z 004086b5 f nafxcw:map_pp.obj
 0001:000076d3       ?InitHashTable@CMapPtrToPtr@@QAEXIH@Z 004086d3 f nafxcw:map_pp.obj
 0001:00007722       ?RemoveAll@CMapPtrToPtr@@QAEXXZ 00408722 f nafxcw:map_pp.obj
 0001:00007751       ??1CMapPtrToPtr@@UAE@XZ    00408751 f nafxcw:map_pp.obj
 0001:0000779e       ?NewAssoc@CMapPtrToPtr@@IAEPAUCAssoc@1@XZ 0040879e f nafxcw:map_pp.obj
 0001:000077e9       ?FreeAssoc@CMapPtrToPtr@@IAEXPAUCAssoc@1@@Z 004087e9 f nafxcw:map_pp.obj
 0001:00007806       ?GetAssocAt@CMapPtrToPtr@@IBEPAUCAssoc@1@PAXAAI@Z 00408806 f nafxcw:map_pp.obj
 0001:0000783a       ?Lookup@CMapPtrToPtr@@QBEHPAXAAPAX@Z 0040883a f nafxcw:map_pp.obj
 0001:00007867       ??ACMapPtrToPtr@@QAEAAPAXPAX@Z 00408867 f nafxcw:map_pp.obj
 0001:000078c5       ?RemoveKey@CMapPtrToPtr@@QAEHPAX@Z 004088c5 f nafxcw:map_pp.obj
 0001:0000790a       ?GetNextAssoc@CMapPtrToPtr@@QBEXAAPAU__POSITION@@AAPAX1@Z 0040890a f nafxcw:map_pp.obj
 0001:00007973       ?OnAmbientProperty@CWnd@@UAEHPAVCOleControlSite@@JPAUtagVARIANT@@@Z 00408973 f nafxcw:winocc.obj
 0001:0000798a       ?GetDlgItem@CWnd@@QBEPAV1@H@Z 0040898a f nafxcw:winocc.obj
 0001:000079b0       ?IsDialogMessageA@CWnd@@QAEHPAUtagMSG@@@Z 004089b0 f nafxcw:winocc.obj
 0001:000079de       ?GetStyle@CWnd@@QBEKXZ     004089de f nafxcw:winocc.obj
 0001:000079fa       ?GetExStyle@CWnd@@QBEKXZ   004089fa f nafxcw:winocc.obj
 0001:00007a16       ?ModifyStyleEx@CWnd@@QAEHKKI@Z 00408a16 f nafxcw:winocc.obj
 0001:00007a41       ?SetWindowTextA@CWnd@@QAEXPBD@Z 00408a41 f nafxcw:winocc.obj
 0001:00007a64       ?GetDlgCtrlID@CWnd@@QBEHXZ 00408a64 f nafxcw:winocc.obj
 0001:00007a81       ?SetWindowPos@CWnd@@QAEHPBV1@HHHHI@Z 00408a81 f nafxcw:winocc.obj
 0001:00007ad5       ?ShowWindow@CWnd@@QAEHH@Z  00408ad5 f nafxcw:winocc.obj
 0001:00007af8       ?IsWindowEnabled@CWnd@@QBEHXZ 00408af8 f nafxcw:winocc.obj
 0001:00007b15       ?EnableWindow@CWnd@@QAEHH@Z 00408b15 f nafxcw:winocc.obj
 0001:00007b38       ?SetFocus@CWnd@@QAEPAV1@XZ 00408b38 f nafxcw:winocc.obj
 0001:00007b5b       ?AttachControlSite@CWnd@@IAEXPAVCHandleMap@@@Z 00408b5b f nafxcw:winocc.obj
 0001:00007b99       ?AttachControlSite@CWnd@@QAEXPAV1@@Z 00408b99 f nafxcw:winocc.obj
 0001:00007bf5       ?AfxGetEmptyString@@YGABVCString@@XZ 00408bf5 f nafxcw:strcore.obj
 0001:00007bfb       ??0CString@@QAE@XZ         00408bfb f nafxcw:strcore.obj
 0001:00007c0b       ??0CString@@QAE@ABV0@@Z    00408c0b f nafxcw:strcore.obj
 0001:00007c41       ?AllocBuffer@CString@@IAEXH@Z 00408c41 f nafxcw:strcore.obj
 0001:00007c7d       ?Release@CString@@IAEXXZ   00408c7d f nafxcw:strcore.obj
 0001:00007cb6       ?Release@CString@@KGXPAUCStringData@@@Z 00408cb6 f nafxcw:strcore.obj
 0001:00007cdb       ?Empty@CString@@QAEXXZ     00408cdb f nafxcw:strcore.obj
 0001:00007cf5       ?CopyBeforeWrite@CString@@IAEXXZ 00408cf5 f nafxcw:strcore.obj
 0001:00007d28       ?AllocBeforeWrite@CString@@IAEXH@Z 00408d28 f nafxcw:strcore.obj
 0001:00007d54       ??1CString@@QAE@XZ         00408d54 f nafxcw:strcore.obj
 0001:00007d84       ??0CString@@QAE@PBD@Z      00408d84 f nafxcw:strcore.obj
 0001:00007de2       ?AssignCopy@CString@@IAEXHPBD@Z 00408de2 f nafxcw:strcore.obj
 0001:00007e0f       ??4CString@@QAEABV0@ABV0@@Z 00408e0f f nafxcw:strcore.obj
 0001:00007e5f       ??4CString@@QAEABV0@PBD@Z  00408e5f f nafxcw:strcore.obj
 0001:00007e87       ?ConcatCopy@CString@@IAEXHPBDH0@Z 00408e87 f nafxcw:strcore.obj
 0001:00007ec8       ??H@YG?AVCString@@ABV0@PBD@Z 00408ec8 f nafxcw:strcore.obj
 0001:00007f5d       ??H@YG?AVCString@@PBDABV0@@Z 00408f5d f nafxcw:strcore.obj
 0001:00007ff2       ?GetBuffer@CString@@QAEPADH@Z 00408ff2 f nafxcw:strcore.obj
 0001:00008047       ?ReleaseBuffer@CString@@QAEXH@Z 00409047 f nafxcw:strcore.obj
 0001:0000806f       ?GetBufferSetLength@CString@@QAEPADH@Z 0040906f f nafxcw:strcore.obj
 0001:0000808f       ?_mbstowcsz@@YAHPAGPBDI@Z  0040908f f nafxcw:strcore.obj
 0001:000080c5       ?AfxDlgProc@@YGHPAUHWND__@@IIJ@Z 004090c5 f nafxcw:dlgcore.obj
 0001:00008102       ?GetMessageMap@CDialog@@MBEPBUAFX_MSGMAP@@XZ 00409102 f nafxcw:dlgcore.obj
 0001:00008108       ?PreTranslateMessage@CDialog@@UAEHPAUtagMSG@@@Z 00409108 f nafxcw:dlgcore.obj
 0001:00008144       ?OnCmdMsg@CDialog@@UAEHIHPAXPAUAFX_CMDHANDLERINFO@@@Z 00409144 f nafxcw:dlgcore.obj
 0001:000081dc       ??_ECDialog@@UAEPAXI@Z     004091dc f nafxcw:dlgcore.obj
 0001:000081dc       ??_GCDialog@@UAEPAXI@Z     004091dc f nafxcw:dlgcore.obj
 0001:000081fa       ??1CDialog@@UAE@XZ         004091fa f nafxcw:dlgcore.obj
 0001:0000824f       ?CreateDlgIndirect@CWnd@@IAEHPBUDLGTEMPLATE@@PAV1@@Z 0040924f f nafxcw:dlgcore.obj
 0001:00008461       ?SetOccDialogInfo@CWnd@@MAEHPAU_AFX_OCC_DIALOG_INFO@@@Z 00409461 f nafxcw:dlgcore.obj
 0001:00008466       ?SetOccDialogInfo@CDialog@@MAEHPAU_AFX_OCC_DIALOG_INFO@@@Z 00409466 f nafxcw:dlgcore.obj
 0001:00008475       ??0CDialog@@QAE@PBDPAVCWnd@@@Z 00409475 f nafxcw:dlgcore.obj
 0001:000084f0       ?PreModal@CDialog@@IAEPAUHWND__@@XZ 004094f0 f nafxcw:dlgcore.obj
 0001:00008526       ?PostModal@CDialog@@IAEXXZ 00409526 f nafxcw:dlgcore.obj
 0001:00008565       ?DoModal@CDialog@@UAEHXZ   00409565 f nafxcw:dlgcore.obj
 0001:00008669       ?EndDialog@CDialog@@QAEXH@Z 00409669 f nafxcw:dlgcore.obj
 0001:0000868c       ?HandleSetFont@CDialog@@IAEJIJ@Z 0040968c f nafxcw:dlgcore.obj
 0001:000086ae       ?PreInitDialog@CDialog@@MAEXXZ 004096ae f nafxcw:dlgcore.obj
 0001:000086af       ?HandleInitDialog@CDialog@@IAEJIJ@Z 004096af f nafxcw:dlgcore.obj
 0001:00008735       ?AfxHelpEnabled@@YGHXZ     00409735 f nafxcw:dlgcore.obj
 0001:00008793       ?OnSetFont@CDialog@@UAEXPAVCFont@@@Z 00409793 f nafxcw:dlgcore.obj
 0001:00008796       ?OnInitDialog@CDialog@@UAEHXZ 00409796 f nafxcw:dlgcore.obj
 0001:00008811       ?OnOK@CDialog@@MAEXXZ      00409811 f nafxcw:dlgcore.obj
 0001:0000882a       ?OnCancel@CDialog@@MAEXXZ  0040982a f nafxcw:dlgcore.obj
 0001:00008832       ?CheckAutoCenter@CDialog@@UAEHXZ 00409832 f nafxcw:dlgcore.obj
 0001:000088b0       ?OnCtlColor@CDialog@@IAEPAUHBRUSH__@@PAVCDC@@PAVCWnd@@I@Z 004098b0 f nafxcw:dlgcore.obj
 0001:000088c4       ?OnCommandHelp@CDialog@@IAEJIJ@Z 004098c4 f nafxcw:dlgcore.obj
 0001:000088fe       ?OnHelpHitTest@CDialog@@IAEJIJ@Z 004098fe f nafxcw:dlgcore.obj
 0001:00008911       ?AfxNewHandler@@YAHI@Z     00409911 f nafxcw:afxmem.obj
 0001:00008919       ?AfxSetNewHandler@@YGP6AHI@ZP6AHI@Z@Z 00409919 f nafxcw:afxmem.obj
 0001:0000892d       ??2@YAPAXI@Z               0040992d f nafxcw:afxmem.obj
 0001:0000895f       ??3@YAXPAX@Z               0040995f f nafxcw:afxmem.obj
 0001:0000896c       ?GetMessageMap@CWinApp@@MBEPBUAFX_MSGMAP@@XZ 0040996c f nafxcw:appcore.obj
 0001:00008972       ?Run@CWinApp@@UAEHXZ       00409972 f nafxcw:appcore.obj
 0001:00008994       ?WinHelpA@CWinApp@@UAEXKI@Z 00409994 f nafxcw:appcore.obj
 0001:000089dd       ?ProcessWndProcException@CWinApp@@UAEJPAVCException@@PBUtagMSG@@@Z 004099dd f nafxcw:appcore.obj
 0001:00008a58       ?OnIdle@CWinApp@@UAEHJ@Z   00409a58 f nafxcw:appcore.obj
 0001:00008afc       ?DevModeChange@CWinApp@@QAEXPAD@Z 00409afc f nafxcw:appcore.obj
 0001:00008ba3       ?AfxGetThread@@YGPAVCWinThread@@XZ 00409ba3 f nafxcw:thrdcore.obj
 0001:00008bac       ?AfxInitThread@@YGXXZ      00409bac f nafxcw:thrdcore.obj
 0001:00008c1e       ?Delete@CWinThread@@UAEXXZ 00409c1e f nafxcw:thrdcore.obj
 0001:00008c30       ?InitInstance@CWinThread@@UAEHXZ 00409c30 f nafxcw:thrdcore.obj
 0001:00008c33       ?Run@CWinThread@@UAEHXZ    00409c33 f nafxcw:thrdcore.obj
 0001:00008cb6       ?IsIdleMessage@CWinThread@@UAEHPAUtagMSG@@@Z 00409cb6 f nafxcw:thrdcore.obj
 0001:00008d1a       ?ExitInstance@CWinThread@@UAEHXZ 00409d1a f nafxcw:thrdcore.obj
 0001:00008d1e       ?OnIdle@CWinThread@@UAEHJ@Z 00409d1e f nafxcw:thrdcore.obj
 0001:00008e1d       ?PreTranslateMessage@CWinThread@@UAEHPAUtagMSG@@@Z 00409e1d f nafxcw:thrdcore.obj
 0001:00008f0d       ?ProcessWndProcException@CWinThread@@UAEJPAVCException@@PBUtagMSG@@@Z 00409f0d f nafxcw:thrdcore.obj
 0001:00008f34       ?_AfxMsgFilterHook@@YGJHIJ@Z 00409f34 f nafxcw:thrdcore.obj
 0001:00008f80       ?ProcessMessageFilter@CWinThread@@UAEHHPAUtagMSG@@@Z 00409f80 f nafxcw:thrdcore.obj
 0001:0000915c       ?GetMainWnd@CWinThread@@UAEPAVCWnd@@XZ 0040a15c f nafxcw:thrdcore.obj
 0001:00009177       ?PumpMessage@CWinThread@@UAEHXZ 0040a177 f nafxcw:thrdcore.obj
 0001:000091bd       ??0CCmdTarget@@QAE@XZ      0040a1bd f nafxcw:cmdtarg.obj
 0001:00009222       ??_ECCmdTarget@@UAEPAXI@Z  0040a222 f nafxcw:cmdtarg.obj
 0001:00009222       ??_GCCmdTarget@@UAEPAXI@Z  0040a222 f nafxcw:cmdtarg.obj
 0001:00009240       ??1CCmdTarget@@UAE@XZ      0040a240 f nafxcw:cmdtarg.obj
 0001:00009292       ?OnCmdMsg@CCmdTarget@@UAEHIHPAXPAUAFX_CMDHANDLERINFO@@@Z 0040a292 f nafxcw:cmdtarg.obj
 0001:0000947a       ?IsInvokeAllowed@CCmdTarget@@UAEHJ@Z 0040a47a f nafxcw:cmdtarg.obj
 0001:00009482       ?GetDispatchIID@CCmdTarget@@UAEHPAU_GUID@@@Z 0040a482 f nafxcw:cmdtarg.obj
 0001:00009487       ?GetTypeInfoCount@CCmdTarget@@UAEIXZ 0040a487 f nafxcw:cmdtarg.obj
 0001:0000948a       ?GetTypeLibCache@CCmdTarget@@UAEPAVCTypeLibCache@@XZ 0040a48a f nafxcw:cmdtarg.obj
 0001:0000948d       ?GetTypeLib@CCmdTarget@@UAEJKPAPAUITypeLib@@@Z 0040a48d f nafxcw:cmdtarg.obj
 0001:00009495       ?BeginWaitCursor@CCmdTarget@@QAEXXZ 0040a495 f nafxcw:cmdtarg.obj
 0001:000094a8       ?EndWaitCursor@CCmdTarget@@QAEXXZ 0040a4a8 f nafxcw:cmdtarg.obj
 0001:000094bb       ?GetMessageMap@CCmdTarget@@MBEPBUAFX_MSGMAP@@XZ 0040a4bb f nafxcw:cmdtarg.obj
 0001:000094c1       ?GetDispatchMap@CCmdTarget@@MBEPBUAFX_DISPMAP@@XZ 0040a4c1 f nafxcw:cmdtarg.obj
 0001:000094c7       ?GetEventSinkMap@CCmdTarget@@MBEPBUAFX_EVENTSINKMAP@@XZ 0040a4c7 f nafxcw:cmdtarg.obj
 0001:000094cd       ?GetInterfaceMap@CCmdTarget@@MBEPBUAFX_INTERFACEMAP@@XZ 0040a4cd f nafxcw:cmdtarg.obj
 0001:000094d3       ?OnFinalRelease@CCmdTarget@@UAEXXZ 0040a4d3 f nafxcw:cmdtarg.obj
 0001:000094f4       ?OnCreateAggregates@CCmdTarget@@UAEHXZ 0040a4f4 f nafxcw:cmdtarg.obj
 0001:000094fa       ?GetInterfaceHook@CCmdTarget@@UAEPAUIUnknown@@PBX@Z 0040a4fa f nafxcw:cmdtarg.obj
 0001:000094ff       ?GetConnectionMap@CCmdTarget@@MBEPBUAFX_CONNECTIONMAP@@XZ 0040a4ff f nafxcw:cmdtarg.obj
 0001:00009505       ?GetConnectionHook@CCmdTarget@@MAEPAUIConnectionPoint@@ABU_GUID@@@Z 0040a505 f nafxcw:cmdtarg.obj
 0001:0000950a       ?GetExtraConnectionPoints@CCmdTarget@@MAEHPAVCPtrArray@@@Z 0040a50a f nafxcw:cmdtarg.obj
 0001:0000950f       ?GetRoutingFrame@CCmdTarget@@IAEPAVCFrameWnd@@XZ 0040a50f f nafxcw:cmdtarg.obj
 0001:0000951b       ??0CCmdUI@@QAE@XZ          0040a51b f nafxcw:cmdtarg.obj
 0001:00009541       ?Enable@CCmdUI@@UAEXH@Z    0040a541 f nafxcw:cmdtarg.obj
 0001:000095d2       ?SetCheck@CCmdUI@@UAEXH@Z  0040a5d2 f nafxcw:cmdtarg.obj
 0001:00009638       ?SetRadio@CCmdUI@@UAEXH@Z  0040a638 f nafxcw:cmdtarg.obj
 0001:0000968b       ?SetText@CCmdUI@@UAEXPBD@Z 0040a68b f nafxcw:cmdtarg.obj
 0001:000096e2       ?DoUpdate@CCmdUI@@QAEHPAVCCmdTarget@@H@Z 0040a6e2 f nafxcw:cmdtarg.obj
 0001:0000975e       ?GetRuntimeClass@CObject@@UBEPAUCRuntimeClass@@XZ 0040a75e f nafxcw:objcore.obj
 0001:00009764       ?IsKindOf@CObject@@QBEHPBUCRuntimeClass@@@Z 0040a764 f nafxcw:objcore.obj
 0001:00009776       ?AfxDynamicDownCast@@YAPAVCObject@@PAUCRuntimeClass@@PAV1@@Z 0040a776 f nafxcw:objcore.obj
 0001:00009794       ?CreateObject@CRuntimeClass@@QAEPAVCObject@@XZ 0040a794 f nafxcw:objcore.obj
 0001:000097f2       ??0AFX_CLASSINIT@@QAE@PAUCRuntimeClass@@@Z 0040a7f2 f nafxcw:objcore.obj
 0001:0000981e       ?IsDerivedFrom@CRuntimeClass@@QBEHPBU1@@Z 0040a81e f nafxcw:objcore.obj
 0001:00009951       ??0CWnd@@QAE@XZ            0040a951 f nafxcw:wincore.obj
 0001:000099ad       ??_ECWnd@@UAEPAXI@Z        0040a9ad f nafxcw:wincore.obj
 0001:000099ad       ??_GCWnd@@UAEPAXI@Z        0040a9ad f nafxcw:wincore.obj
 0001:000099cb       ??0CWnd@@AAE@PAUHWND__@@@Z 0040a9cb f nafxcw:wincore.obj
 0001:00009a80       ?ModifyStyleEx@CWnd@@SGHPAUHWND__@@KKI@Z 0040aa80 f nafxcw:wincore.obj
 0001:00009a9b       ?AfxCallWndProc@@YGJPAVCWnd@@PAUHWND__@@IIJ@Z 0040aa9b f nafxcw:wincore.obj
 0001:00009c2b       ?GetCurrentMessage@CWnd@@KGPBUtagMSG@@XZ 0040ac2b f nafxcw:wincore.obj
 0001:00009c67       ?Default@CWnd@@IAEJXZ      0040ac67 f nafxcw:wincore.obj
 0001:00009c84       ?DeleteTempMap@CWnd@@SGXXZ 0040ac84 f nafxcw:wincore.obj
 0001:00009d2b       ?FromHandle@CWnd@@SGPAV1@PAUHWND__@@@Z 0040ad2b f nafxcw:wincore.obj
 0001:00009d55       ?FromHandlePermanent@CWnd@@SGPAV1@PAUHWND__@@@Z 0040ad55 f nafxcw:wincore.obj
 0001:00009d86       ?Attach@CWnd@@QAEHPAUHWND__@@@Z 0040ad86 f nafxcw:wincore.obj
 0001:00009dc4       ?Detach@CWnd@@QAEPAUHWND__@@XZ 0040adc4 f nafxcw:wincore.obj
 0001:00009df6       ?PreSubclassWindow@CWnd@@UAEXXZ 0040adf6 f nafxcw:wincore.obj
 0001:00009df7       ?AfxWndProc@@YGJPAUHWND__@@IIJ@Z 0040adf7 f nafxcw:wincore.obj
 0001:00009e27       ?AfxGetAfxWndProc@@YGP6GJPAUHWND__@@IIJ@ZXZ 0040ae27 f nafxcw:wincore.obj
 0001:00009e2d       ?_AfxActivationWndProc@@YGJPAUHWND__@@IIJ@Z 0040ae2d f nafxcw:wincore.obj
 0001:0000a07b       ?_AfxGrayBackgroundWndProc@@YGJPAUHWND__@@IIJ@Z 0040b07b f nafxcw:wincore.obj
 0001:0000a0f7       ?_AfxStandardSubclass@@YGXPAUHWND__@@@Z 0040b0f7 f nafxcw:wincore.obj
 0001:0000a1fd       ?_AfxCbtFilterHook@@YGJHIJ@Z 0040b1fd f nafxcw:wincore.obj
 0001:0000a2c0       ?_AfxSendMsgHook@@YGJHIJ@Z 0040b2c0 f nafxcw:wincore.obj
 0001:0000a313       ?AfxHookWindowCreate@@YGXPAVCWnd@@@Z 0040b313 f nafxcw:wincore.obj
 0001:0000a358       ?AfxUnhookWindowCreate@@YGHXZ 0040b358 f nafxcw:wincore.obj
 0001:0000a3a7       ?CreateEx@CWnd@@QAEHKPBD0KHHHHPAUHWND__@@PAUHMENU__@@PAX@Z 0040b3a7 f nafxcw:wincore.obj
 0001:0000a46d       ?PreCreateWindow@CWnd@@UAEHAAUtagCREATESTRUCTA@@@Z 0040b46d f nafxcw:wincore.obj
 0001:0000a4a7       ?Create@CWnd@@UAEHPBD0KABUtagRECT@@PAV1@IPAUCCreateContext@@@Z 0040b4a7 f nafxcw:wincore.obj
 0001:0000a4f6       ??1CWnd@@UAE@XZ            0040b4f6 f nafxcw:wincore.obj
 0001:0000a58b       ?OnNcDestroy@CWnd@@IAEXXZ  0040b58b f nafxcw:wincore.obj
 0001:0000a6ac       ?PostNcDestroy@CWnd@@MAEXXZ 0040b6ac f nafxcw:wincore.obj
 0001:0000a6ad       ?OnFinalRelease@CWnd@@UAEXXZ 0040b6ad f nafxcw:wincore.obj
 0001:0000a6c1       ?DestroyWindow@CWnd@@UAEHXZ 0040b6c1 f nafxcw:wincore.obj
 0001:0000a71b       ?DefWindowProcA@CWnd@@MAEJIIJ@Z 0040b71b f nafxcw:wincore.obj
 0001:0000a764       ?GetSuperWndProcAddr@CWnd@@MAEPAP6GJPAUHWND__@@IIJ@ZXZ 0040b764 f nafxcw:wincore.obj
 0001:0000a768       ?PreTranslateMessage@CWnd@@UAEHPAUtagMSG@@@Z 0040b768 f nafxcw:wincore.obj
 0001:0000a784       ?CancelToolTips@CWnd@@SGXH@Z 0040b784 f nafxcw:wincore.obj
 0001:0000a7db       ?OnToolHitTest@CWnd@@UBEHVCPoint@@PAUtagTOOLINFOA@@@Z 0040b7db f nafxcw:wincore.obj
 0001:0000a84a       ?OnDrawItem@CWnd@@IAEXHPAUtagDRAWITEMSTRUCT@@@Z 0040b84a f nafxcw:wincore.obj
 0001:0000a887       ?OnCompareItem@CWnd@@IAEHHPAUtagCOMPAREITEMSTRUCT@@@Z 0040b887 f nafxcw:wincore.obj
 0001:0000a8b6       ?OnDeleteItem@CWnd@@IAEXHPAUtagDELETEITEMSTRUCT@@@Z 0040b8b6 f nafxcw:wincore.obj
 0001:0000a8d6       ?OnCharToItem@CWnd@@IAEHIPAVCListBox@@I@Z 0040b8d6 f nafxcw:wincore.obj
 0001:0000a906       ?OnVKeyToItem@CWnd@@IAEHIPAVCListBox@@I@Z 0040b906 f nafxcw:wincore.obj
 0001:0000a936       ?OnMeasureItem@CWnd@@IAEXHPAUtagMEASUREITEMSTRUCT@@@Z 0040b936 f nafxcw:wincore.obj
 0001:0000aa07       ?AfxRegisterClass@@YGHPAUtagWNDCLASSA@@@Z 0040ba07 f nafxcw:wincore.obj
 0001:0000aabf       ?AfxRegisterWndClass@@YGPBDIPAUHICON__@@PAUHBRUSH__@@0@Z 0040babf f nafxcw:wincore.obj
 0001:0000ab76       ?OnNTCtlColor@CWnd@@IAEJIJ@Z 0040bb76 f nafxcw:wincore.obj
 0001:0000abb5       ?WinHelpA@CWnd@@UAEXKI@Z   0040bbb5 f nafxcw:wincore.obj
 0001:0000aca8       ?GetMessageMap@CWnd@@MBEPBUAFX_MSGMAP@@XZ 0040bca8 f nafxcw:wincore.obj
 0001:0000acae       ?AfxFindMessageEntry@@YGPBUAFX_MSGMAP_ENTRY@@PBU1@III@Z 0040bcae f nafxcw:wincore.obj
 0001:0000acee       ?WindowProc@CWnd@@MAEJIIJ@Z 0040bcee f nafxcw:wincore.obj
 0001:0000ad37       ?OnWndMsg@CWnd@@MAEHIIJPAJ@Z 0040bd37 f nafxcw:wincore.obj
 0001:0000b4b1       ??0CTestCmdUI@@QAE@XZ      0040c4b1 f nafxcw:wincore.obj
 0001:0000b4ca       ?Enable@CTestCmdUI@@UAEXH@Z 0040c4ca f nafxcw:wincore.obj
 0001:0000b4db       ?SetCheck@CTestCmdUI@@UAEXH@Z 0040c4db f nafxcw:wincore.obj
 0001:0000b4de       ?SetRadio@CTestCmdUI@@UAEXH@Z 0040c4de f nafxcw:wincore.obj
 0001:0000b4e1       ?SetText@CTestCmdUI@@UAEXPBD@Z 0040c4e1 f nafxcw:wincore.obj
 0001:0000b4e4       ?OnCommand@CWnd@@MAEHIJ@Z  0040c4e4 f nafxcw:wincore.obj
 0001:0000b584       ?OnNotify@CWnd@@MAEHIJPAJ@Z 0040c584 f nafxcw:wincore.obj
 0001:0000b5fc       ?GetParentFrame@CWnd@@QBEPAVCFrameWnd@@XZ 0040c5fc f nafxcw:wincore.obj
 0001:0000b648       ?AfxGetParentOwner@@YGPAUHWND__@@PAU1@@Z 0040c648 f nafxcw:wincore.obj
 0001:0000b6a3       ?GetTopLevelParent@CWnd@@QBEPAV1@XZ 0040c6a3 f nafxcw:wincore.obj
 0001:0000b6c9       ?GetTopLevelFrame@CWnd@@QBEPAVCFrameWnd@@XZ 0040c6c9 f nafxcw:wincore.obj
 0001:0000b706       ?GetSafeOwner@CWnd@@SGPAV1@PAV1@PAPAUHWND__@@@Z 0040c706 f nafxcw:wincore.obj
 0001:0000b7c4       ?GetDescendantWindow@CWnd@@SGPAV1@PAUHWND__@@HH@Z 0040c7c4 f nafxcw:wincore.obj
 0001:0000b840       ?SendMessageToDescendants@CWnd@@SGXPAUHWND__@@IIJHH@Z 0040c840 f nafxcw:wincore.obj
 0001:0000b8bf       ?GetScrollBarCtrl@CWnd@@UBEPAVCScrollBar@@H@Z 0040c8bf f nafxcw:wincore.obj
 0001:0000b8c4       ?RepositionBars@CWnd@@QAEXIIIIPAUtagRECT@@PBU2@H@Z 0040c8c4 f nafxcw:wincore.obj
 0001:0000ba08       ?AfxRepositionWindow@@YGXPAUAFX_SIZEPARENTPARAMS@@PAUHWND__@@PBUtagRECT@@@Z 0040ca08 f nafxcw:wincore.obj
 0001:0000baab       ?CalcWindowRect@CWnd@@UAEXPAUtagRECT@@I@Z 0040caab f nafxcw:wincore.obj
 0001:0000bad6       ?WalkPreTranslateTree@CWnd@@SGHPAUHWND__@@PAUtagMSG@@@Z 0040cad6 f nafxcw:wincore.obj
 0001:0000bb1c       ?SendChildNotifyLastMsg@CWnd@@QAEHPAJ@Z 0040cb1c f nafxcw:wincore.obj
 0001:0000bb3f       ?ReflectLastMsg@CWnd@@KGHPAUHWND__@@PAJ@Z 0040cb3f f nafxcw:wincore.obj
 0001:0000bc22       ?OnChildNotify@CWnd@@MAEHIIJPAJ@Z 0040cc22 f nafxcw:wincore.obj
 0001:0000bcb4       ?ReflectChildNotify@CWnd@@IAEHIIJPAJ@Z 0040ccb4 f nafxcw:wincore.obj
 0001:0000bdb8       ?OnParentNotify@CWnd@@IAEXIJ@Z 0040cdb8 f nafxcw:wincore.obj
 0001:0000bde6       ?OnActivateTopLevel@CWnd@@IAEJIJ@Z 0040cde6 f nafxcw:wincore.obj
 0001:0000be08       ?OnSysColorChange@CWnd@@IAEXXZ 0040ce08 f nafxcw:wincore.obj
 0001:0000be92       ?OnWinIniChange@CWnd@@IAEXPBD@Z 0040ce92 f nafxcw:wincore.obj
 0001:0000bede       ?OnDevModeChange@CWnd@@IAEXPAD@Z 0040cede f nafxcw:wincore.obj
 0001:0000bf31       ?OnHelpInfo@CWnd@@IAEHPAUtagHELPINFO@@@Z 0040cf31 f nafxcw:wincore.obj
 0001:0000bfa0       ?OnDisplayChange@CWnd@@IAEJIJ@Z 0040cfa0 f nafxcw:wincore.obj
 0001:0000bfed       ?OnDragList@CWnd@@IAEJIJ@Z 0040cfed f nafxcw:wincore.obj
 0001:0000c01c       ?OnHScroll@CWnd@@IAEXIIPAVCScrollBar@@@Z 0040d01c f nafxcw:wincore.obj
 0001:0000c03d       ?OnVScroll@CWnd@@IAEXIIPAVCScrollBar@@@Z 0040d03d f nafxcw:wincore.obj
 0001:0000c05e       ?OnEnterIdle@CWnd@@IAEXIPAV1@@Z 0040d05e f nafxcw:wincore.obj
 0001:0000c0ae       ?OnCtlColor@CWnd@@IAEPAUHBRUSH__@@PAVCDC@@PAV1@I@Z 0040d0ae f nafxcw:wincore.obj
 0001:0000c0da       ?OnGrayCtlColor@CWnd@@QAEPAUHBRUSH__@@PAVCDC@@PAV1@I@Z 0040d0da f nafxcw:wincore.obj
 0001:0000c147       ?GrayCtlColor@CWnd@@SGHPAUHDC__@@PAUHWND__@@IPAUHBRUSH__@@K@Z 0040d147 f nafxcw:wincore.obj
 0001:0000c1c4       ?OnQuery3dControls@CWnd@@IAEJIJ@Z 0040d1c4 f nafxcw:wincore.obj
 0001:0000c1cc       ?UpdateData@CWnd@@QAEHH@Z  0040d1cc f nafxcw:wincore.obj
 0001:0000c274       ??0CDataExchange@@QAE@PAVCWnd@@H@Z 0040d274 f nafxcw:wincore.obj
 0001:0000c28d       ?CenterWindow@CWnd@@QAEXPAV1@@Z 0040d28d f nafxcw:wincore.obj
 0001:0000c409       ?CheckAutoCenter@CWnd@@UAEHXZ 0040d409 f nafxcw:wincore.obj
 0001:0000c40f       ?ExecuteDlgInit@CWnd@@QAEHPBD@Z 0040d40f f nafxcw:wincore.obj
 0001:0000c460       ?ExecuteDlgInit@CWnd@@QAEHPAX@Z 0040d460 f nafxcw:wincore.obj
 0001:0000c508       ?PreTranslateInput@CWnd@@QAEHPAUtagMSG@@@Z 0040d508 f nafxcw:wincore.obj
 0001:0000c53c       ?RunModalLoop@CWnd@@QAEHK@Z 0040d53c f nafxcw:wincore.obj
 0001:0000c69a       ?ContinueModal@CWnd@@UAEHXZ 0040d69a f nafxcw:wincore.obj
 0001:0000c6a1       ?EndModalLoop@CWnd@@UAEXH@Z 0040d6a1 f nafxcw:wincore.obj
 0001:0000c6c5       ?AfxEndDeferRegisterClass@@YGHF@Z 0040d6c5 f nafxcw:wincore.obj
 0001:0000c826       ?IsFrameWnd@CWnd@@UBEHXZ   0040d826 f nafxcw:wincore.obj
 0001:0000c829       ?IsFrameWnd@CFrameWnd@@UBEHXZ 0040d829 f nafxcw:wincore.obj
 0001:0000c82f       ?IsTracking@CFrameWnd@@QBEHXZ 0040d82f f nafxcw:wincore.obj
 0001:0000c84f       ?LoadStringA@CString@@QAEHI@Z 0040d84f f nafxcw:winstr.obj
 0001:0000c898       ?AfxLoadString@@YGHIPADI@Z 0040d898 f nafxcw:winstr.obj
 0001:0000c8bf       ?AfxExtractSubString@@YGHAAVCString@@PBDHD@Z 0040d8bf f nafxcw:winstr.obj
 0001:0000c92c       ?UpdateSysColors@AUX_DATA@@QAEXXZ 0040d92c f nafxcw:auxdata.obj
 0001:0000c9e9       ?UpdateSysMetrics@AUX_DATA@@QAEXXZ 0040d9e9 f nafxcw:auxdata.obj
 0001:0000ca46       ?AfxFullPath@@YGHPADPBD@Z  0040da46 f nafxcw:filecore.obj
 0001:0000cb37       ?AfxGetRoot@@YGXPBDAAVCString@@@Z 0040db37 f nafxcw:filecore.obj
 0001:0000cc20       ??0CDialogTemplate@@QAE@PBUDLGTEMPLATE@@@Z 0040dc20 f nafxcw:dlgtempl.obj
 0001:0000cc51       ?SetTemplate@CDialogTemplate@@IAEHPBUDLGTEMPLATE@@I@Z 0040dc51 f nafxcw:dlgtempl.obj
 0001:0000ccb9       ??1CDialogTemplate@@QAE@XZ 0040dcb9 f nafxcw:dlgtempl.obj
 0001:0000ccc7       ?Detach@CDialogTemplate@@QAEPAXXZ 0040dcc7 f nafxcw:dlgtempl.obj
 0001:0000ccd0       ?GetFontSizeField@CDialogTemplate@@KAPAEPBUDLGTEMPLATE@@@Z 0040dcd0 f nafxcw:dlgtempl.obj
 0001:0000cd1e       ?GetTemplateSize@CDialogTemplate@@KAIPBUDLGTEMPLATE@@@Z 0040dd1e f nafxcw:dlgtempl.obj
 0001:0000cdd1       ?GetFont@CDialogTemplate@@SAHPBUDLGTEMPLATE@@AAVCString@@AAG@Z 0040ddd1 f nafxcw:dlgtempl.obj
 0001:0000ce54       ?SetFont@CDialogTemplate@@QAEHPBDG@Z 0040de54 f nafxcw:dlgtempl.obj
 0001:0000cf98       ?SetSystemFont@CDialogTemplate@@QAEHG@Z 0040df98 f nafxcw:dlgtempl.obj
 0001:0000d031       ?AfxLockTempMaps@@YGXXZ    0040e031 f nafxcw:winhand.obj
 0001:0000d03a       ?AfxUnlockTempMaps@@YGHXZ  0040e03a f nafxcw:winhand.obj
 0001:0000d0fa       ??0CHandleMap@@QAE@PAUCRuntimeClass@@IH@Z 0040e0fa f nafxcw:winhand.obj
 0001:0000d180       ?FromHandle@CHandleMap@@QAEPAVCObject@@PAX@Z 0040e180 f nafxcw:winhand.obj
 0001:0000d217       ?DeleteTemp@CHandleMap@@QAEXXZ 0040e217 f nafxcw:winhand.obj
 0001:0000d27e       ?DeleteTempMap@CMenu@@SGXXZ 0040e27e f nafxcw:winmenu.obj
 0001:0000d325       ?FromHandle@CMenu@@SGPAV1@PAUHMENU__@@@Z 0040e325 f nafxcw:winmenu.obj
 0001:0000d33d       ?FromHandlePermanent@CMenu@@SGPAV1@PAUHMENU__@@@Z 0040e33d f nafxcw:winmenu.obj
 0001:0000d36e       ?Detach@CMenu@@QAEPAUHMENU__@@XZ 0040e36e f nafxcw:winmenu.obj
 0001:0000d39b       ?DestroyMenu@CMenu@@QAEHXZ 0040e39b f nafxcw:winmenu.obj
 0001:0000d3b3       ?DrawItem@CMenu@@UAEXPAUtagDRAWITEMSTRUCT@@@Z 0040e3b3 f nafxcw:winmenu.obj
 0001:0000d3b6       ?MeasureItem@CMenu@@UAEXPAUtagMEASUREITEMSTRUCT@@@Z 0040e3b6 f nafxcw:winmenu.obj
 0001:0000d3b9       ??0CException@@QAE@H@Z     0040e3b9 f nafxcw:except.obj
 0001:0000d411       ?Delete@CException@@QAEXXZ 0040e411 f nafxcw:except.obj
 0001:0000d423       ?GetErrorMessage@CException@@UAEHPADIPAI@Z 0040e423 f nafxcw:except.obj
 0001:0000d446       ?ReportError@CException@@UAEHII@Z 0040e446 f nafxcw:except.obj
 0001:0000d49a       ?AfxWinMain@@YGHPAUHINSTANCE__@@0PADH@Z 0040e49a f nafxcw:winmain.obj
 0001:0000d501       ?OnAppExit@CWinApp@@IAEXXZ 0040e501 f nafxcw:appui.obj
 0001:0000d514       ??0CDC@@QAE@XZ             0040e514 f nafxcw:wingdi.obj
 0001:0000d56b       ??_ECDC@@UAEPAXI@Z         0040e56b f nafxcw:wingdi.obj
 0001:0000d56b       ??_GCDC@@UAEPAXI@Z         0040e56b f nafxcw:wingdi.obj
 0001:0000d589       ?DeleteTempMap@CDC@@SGXXZ  0040e589 f nafxcw:wingdi.obj
 0001:0000d630       ?FromHandle@CDC@@SGPAV1@PAUHDC__@@@Z 0040e630 f nafxcw:wingdi.obj
 0001:0000d648       ?Attach@CDC@@QAEHPAUHDC__@@@Z 0040e648 f nafxcw:wingdi.obj
 0001:0000d684       ?Detach@CDC@@QAEPAUHDC__@@XZ 0040e684 f nafxcw:wingdi.obj
 0001:0000d6bc       ??1CDC@@UAE@XZ             0040e6bc f nafxcw:wingdi.obj
 0001:0000d718       ?SetAttribDC@CDC@@UAEXPAUHDC__@@@Z 0040e718 f nafxcw:wingdi.obj
 0001:0000d722       ?SetOutputDC@CDC@@UAEXPAUHDC__@@@Z 0040e722 f nafxcw:wingdi.obj
 0001:0000d72c       ?ReleaseAttribDC@CDC@@UAEXXZ 0040e72c f nafxcw:wingdi.obj
 0001:0000d734       ?ReleaseOutputDC@CDC@@UAEXXZ 0040e734 f nafxcw:wingdi.obj
 0001:0000d73c       ?SaveDC@CDC@@UAEHXZ        0040e73c f nafxcw:wingdi.obj
 0001:0000d778       ?RestoreDC@CDC@@UAEHH@Z    0040e778 f nafxcw:wingdi.obj
 0001:0000d7b8       ?SelectStockObject@CDC@@UAEPAVCGdiObject@@H@Z 0040e7b8 f nafxcw:wingdi.obj
 0001:0000d802       ?SelectObject@CDC@@UAEPAVCFont@@PAV2@@Z 0040e802 f nafxcw:wingdi.obj
 0001:0000d85c       ?SetBkColor@CDC@@UAEKK@Z   0040e85c f nafxcw:wingdi.obj
 0001:0000d898       ?SetTextColor@CDC@@UAEKK@Z 0040e898 f nafxcw:wingdi.obj
 0001:0000d8d4       ?SetMapMode@CDC@@UAEHH@Z   0040e8d4 f nafxcw:wingdi.obj
 0001:0000d910       ?SetViewportOrg@CDC@@UAE?AVCPoint@@HH@Z 0040e910 f nafxcw:wingdi.obj
 0001:0000d961       ?OffsetViewportOrg@CDC@@UAE?AVCPoint@@HH@Z 0040e961 f nafxcw:wingdi.obj
 0001:0000d9b2       ?SetViewportExt@CDC@@UAE?AVCSize@@HH@Z 0040e9b2 f nafxcw:wingdi.obj
 0001:0000da03       ?ScaleViewportExt@CDC@@UAE?AVCSize@@HHHH@Z 0040ea03 f nafxcw:wingdi.obj
 0001:0000da60       ?SetWindowExt@CDC@@UAE?AVCSize@@HH@Z 0040ea60 f nafxcw:wingdi.obj
 0001:0000dab1       ?ScaleWindowExt@CDC@@UAE?AVCSize@@HHHH@Z 0040eab1 f nafxcw:wingdi.obj
 0001:0000db0e       ?GetClipBox@CDC@@UBEHPAUtagRECT@@@Z 0040eb0e f nafxcw:wingdi.obj
 0001:0000db1e       ?SelectClipRgn@CDC@@QAEHPAVCRgn@@@Z 0040eb1e f nafxcw:wingdi.obj
 0001:0000db73       ?ExcludeClipRect@CDC@@QAEHHHHH@Z 0040eb73 f nafxcw:wingdi.obj
 0001:0000dbc1       ??0CClientDC@@QAE@PAVCWnd@@@Z 0040ebc1 f nafxcw:wingdi.obj
 0001:0000dc3c       ??_ECClientDC@@UAEPAXI@Z   0040ec3c f nafxcw:wingdi.obj
 0001:0000dc3c       ??_GCClientDC@@UAEPAXI@Z   0040ec3c f nafxcw:wingdi.obj
 0001:0000dc5a       ??1CClientDC@@UAE@XZ       0040ec5a f nafxcw:wingdi.obj
 0001:0000dcb4       ??0CPaintDC@@QAE@PAVCWnd@@@Z 0040ecb4 f nafxcw:wingdi.obj
 0001:0000dd2a       ??_GCPaintDC@@UAEPAXI@Z    0040ed2a f nafxcw:wingdi.obj
 0001:0000dd2a       ??_ECPaintDC@@UAEPAXI@Z    0040ed2a f nafxcw:wingdi.obj
 0001:0000dd48       ??1CPaintDC@@UAE@XZ        0040ed48 f nafxcw:wingdi.obj
 0001:0000dda5       ?DeleteTempMap@CGdiObject@@SGXXZ 0040eda5 f nafxcw:wingdi.obj
 0001:0000de4c       ?FromHandle@CGdiObject@@SGPAV1@PAX@Z 0040ee4c f nafxcw:wingdi.obj
 0001:0000de64       ?Attach@CGdiObject@@QAEHPAX@Z 0040ee64 f nafxcw:wingdi.obj
 0001:0000de96       ?Detach@CGdiObject@@QAEPAXXZ 0040ee96 f nafxcw:wingdi.obj
 0001:0000dec3       ?DeleteObject@CGdiObject@@QAEHXZ 0040eec3 f nafxcw:wingdi.obj
 0001:0000dedb       ?AfxThrowResourceException@@YGXXZ 0040eedb f nafxcw:wingdi.obj
 0001:0000def9       ?_AfxIsComboBoxControl@@YGHPAUHWND__@@I@Z 0040eef9 f nafxcw:winutil.obj
 0001:0000df4b       ?_AfxCompareClassName@@YGHPAUHWND__@@PBD@Z 0040ef4b f nafxcw:winutil.obj
 0001:0000df7a       ?_AfxChildWindowFromPoint@@YGPAUHWND__@@PAU1@UtagPOINT@@@Z 0040ef7a f nafxcw:winutil.obj
 0001:0000dffe       ?AfxSetWindowText@@YGXPAUHWND__@@PBD@Z 0040effe f nafxcw:winutil.obj
 0001:0000e057       ?AfxDeleteObject@@YGXPAPAX@Z 0040f057 f nafxcw:winutil.obj
 0001:0000e073       ?AfxCancelModes@@YGXPAUHWND__@@@Z 0040f073 f nafxcw:winutil.obj
 0001:0000e0ea       ?AfxCriticalNewHandler@@YAHI@Z 0040f0ea f nafxcw:winutil.obj
 0001:0000e143       ?HideApplication@CWinApp@@QAEXXZ 0040f143 f nafxcw:appui.obj
 0001:0000e173       ?DoWaitCursor@CWinApp@@UAEXH@Z 0040f173 f nafxcw:appui.obj
 0001:0000e1cf       ?EnableModeless@CWinApp@@QAEXH@Z 0040f1cf f nafxcw:appui.obj
 0001:0000e212       ?DoMessageBox@CWinApp@@UAEHPBDII@Z 0040f212 f nafxcw:appui.obj
 0001:0000e2d6       ?AfxMessageBox@@YGHPBDII@Z 0040f2d6 f nafxcw:appui.obj
 0001:0000e2f5       ?AfxMessageBox@@YGHIII@Z   0040f2f5 f nafxcw:appui.obj
 0001:0000e374       ?MessageBoxA@CWnd@@QAEHPBD0I@Z 0040f374 f nafxcw:appui.obj
 0001:0000e3ae       ?SaveAllModified@CWinApp@@UAEHXZ 0040f3ae f nafxcw:appui.obj
 0001:0000e3c0       ?AddToRecentFileList@CWinApp@@UAEXPBD@Z 0040f3c0 f nafxcw:appui.obj
 0001:0000e3fb       ?OpenDocumentFile@CWinApp@@UAEPAVCDocument@@PBD@Z 0040f3fb f nafxcw:appui.obj
 0001:0000e40a       ?CloseAllDocuments@CWinApp@@QAEXH@Z 0040f40a f nafxcw:appui.obj
 0001:0000e41d       ?OnUpdateRecentFileMenu@CWinApp@@IAEXPAVCCmdUI@@@Z 0040f41d f nafxcw:appui.obj
 0001:0000e444       ?OnDDECommand@CWinApp@@UAEHPAD@Z 0040f444 f nafxcw:appui.obj
 0001:0000e45c       ?OnOpenRecentFile@CWinApp@@IAEHI@Z 0040f45c f nafxcw:appui.obj
 0001:0000e493       ?WriteProfileInt@CWinApp@@QAEHPBD0H@Z 0040f493 f nafxcw:appui3.obj
 0001:0000e52f       ?GetMessageMap@CFrameWnd@@MBEPBUAFX_MSGMAP@@XZ 0040f52f f nafxcw:winfrm.obj
 0001:0000e535       ??0CFrameWnd@@QAE@XZ       0040f535 f nafxcw:winfrm.obj
 0001:0000e632       ??_GCFrameWnd@@UAEPAXI@Z   0040f632 f nafxcw:winfrm.obj
 0001:0000e632       ??_ECFrameWnd@@UAEPAXI@Z   0040f632 f nafxcw:winfrm.obj
 0001:0000e650       ??1CFrameWnd@@UAE@XZ       0040f650 f nafxcw:winfrm.obj
 0001:0000e6c8       ?AddFrameWnd@CFrameWnd@@IAEXXZ 0040f6c8 f nafxcw:winfrm.obj
 0001:0000e6db       ?RemoveFrameWnd@CFrameWnd@@IAEXXZ 0040f6db f nafxcw:winfrm.obj
 0001:0000e6ee       ?LoadAccelTable@CFrameWnd@@QAEHPBD@Z 0040f6ee f nafxcw:winfrm.obj
 0001:0000e710       ?GetDefaultAccelerator@CFrameWnd@@UAEPAUHACCEL__@@XZ 0040f710 f nafxcw:winfrm.obj
 0001:0000e734       ?PreTranslateMessage@CFrameWnd@@UAEHPAUtagMSG@@@Z 0040f734 f nafxcw:winfrm.obj
 0001:0000e7bb       ?PostNcDestroy@CFrameWnd@@MAEXXZ 0040f7bb f nafxcw:winfrm.obj
 0001:0000e7c7       ?OnPaletteChanged@CFrameWnd@@IAEXPAVCWnd@@@Z 0040f7c7 f nafxcw:winfrm.obj
 0001:0000e7e3       ?OnQueryNewPalette@CFrameWnd@@IAEHXZ 0040f7e3 f nafxcw:winfrm.obj
 0001:0000e804       ?ExitHelpMode@CFrameWnd@@UAEXXZ 0040f804 f nafxcw:winfrm.obj
 0001:0000e871       ?OnSetCursor@CFrameWnd@@IAEHPAVCWnd@@II@Z 0040f871 f nafxcw:winfrm.obj
 0001:0000e89d       ?OnCommandHelp@CFrameWnd@@IAEJIJ@Z 0040f89d f nafxcw:winfrm.obj
 0001:0000e8f1       ?OnHelpHitTest@CFrameWnd@@IAEJIJ@Z 0040f8f1 f nafxcw:winfrm.obj
 0001:0000e907       ?OnCommand@CFrameWnd@@MAEHIJ@Z 0040f907 f nafxcw:winfrm.obj
 0001:0000e985       ?AfxIsDescendant@@YGHPAUHWND__@@0@Z 0040f985 f nafxcw:winfrm.obj
 0001:0000e9a5       ?BeginModalState@CFrameWnd@@UAEXXZ 0040f9a5 f nafxcw:winfrm.obj
 0001:0000ead1       ?EndModalState@CFrameWnd@@UAEXXZ 0040fad1 f nafxcw:winfrm.obj
 0001:0000eb31       ?ShowOwnedWindows@CFrameWnd@@QAEXH@Z 0040fb31 f nafxcw:winfrm.obj
 0001:0000ebce       ?OnEnable@CFrameWnd@@IAEXH@Z 0040fbce f nafxcw:winfrm.obj
 0001:0000ec8d       ?NotifyFloatingWindows@CFrameWnd@@QAEXK@Z 0040fc8d f nafxcw:winfrm.obj
 0001:0000ed40       ?PreCreateWindow@CFrameWnd@@MAEHAAUtagCREATESTRUCTA@@@Z 0040fd40 f nafxcw:winfrm.obj
 0001:0000ed9e       ?Create@CFrameWnd@@QAEHPBD0KABUtagRECT@@PAVCWnd@@0KPAUCCreateContext@@@Z 0040fd9e f nafxcw:winfrm.obj
 0001:0000ee3a       ?CreateView@CFrameWnd@@QAEPAVCWnd@@PAUCCreateContext@@I@Z 0040fe3a f nafxcw:winfrm.obj
 0001:0000eeb6       ?OnCreateClient@CFrameWnd@@MAEHPAUtagCREATESTRUCTA@@PAUCCreateContext@@@Z 0040feb6 f nafxcw:winfrm.obj
 0001:0000eedf       ?OnCreate@CFrameWnd@@IAEHPAUtagCREATESTRUCTA@@@Z 0040fedf f nafxcw:winfrm.obj
 0001:0000eeee       ?OnCreateHelper@CFrameWnd@@IAEHPAUtagCREATESTRUCTA@@PAUCCreateContext@@@Z 0040feee f nafxcw:winfrm.obj
 0001:0000ef44       ?GetIconWndClass@CFrameWnd@@IAEPBDKI@Z 0040ff44 f nafxcw:winfrm.obj
 0001:0000efc9       ?LoadFrame@CFrameWnd@@UAEHIKPAVCWnd@@PAUCCreateContext@@@Z 0040ffc9 f nafxcw:winfrm.obj
 0001:0000f0d3       ?OnUpdateFrameMenu@CFrameWnd@@UAEXPAUHMENU__@@@Z 004100d3 f nafxcw:winfrm.obj
 0001:0000f10d       ?OnClose@CFrameWnd@@IAEXXZ 0041010d f nafxcw:winfrm.obj
 0001:0000f20a       ?OnDestroy@CFrameWnd@@IAEXXZ 0041020a f nafxcw:winfrm.obj
 0001:0000f259       ?OnCmdMsg@CFrameWnd@@UAEHIHPAXPAUAFX_CMDHANDLERINFO@@@Z 00410259 f nafxcw:winfrm.obj
 0001:0000f2d1       ?OnHScroll@CFrameWnd@@IAEXIIPAVCScrollBar@@@Z 004102d1 f nafxcw:winfrm.obj
 0001:0000f2fa       ?OnVScroll@CFrameWnd@@IAEXIIPAVCScrollBar@@@Z 004102fa f nafxcw:winfrm.obj
 0001:0000f323       ?OnActivateTopLevel@CFrameWnd@@IAEJIJ@Z 00410323 f nafxcw:winfrm.obj
 0001:0000f39f       ?OnActivate@CFrameWnd@@IAEXIPAVCWnd@@H@Z 0041039f f nafxcw:winfrm.obj
 0001:0000f477       ?OnNcActivate@CFrameWnd@@IAEHH@Z 00410477 f nafxcw:winfrm.obj
 0001:0000f4ae       ?OnSysCommand@CFrameWnd@@IAEXIJ@Z 004104ae f nafxcw:winfrm.obj
 0001:0000f556       ?OnDropFiles@CFrameWnd@@IAEXPAUHDROP__@@@Z 00410556 f nafxcw:winfrm.obj
 0001:0000f5cb       ?OnQueryEndSession@CFrameWnd@@IAEHXZ 004105cb f nafxcw:winfrm.obj
 0001:0000f5ea       ?OnEndSession@CFrameWnd@@IAEXH@Z 004105ea f nafxcw:winfrm.obj
 0001:0000f61e       ?OnDDEInitiate@CFrameWnd@@IAEJIJ@Z 0041061e f nafxcw:winfrm.obj
 0001:0000f6d2       ?OnDDEExecute@CFrameWnd@@IAEJIJ@Z 004106d2 f nafxcw:winfrm.obj
 0001:0000f772       ?OnDDETerminate@CFrameWnd@@IAEJIJ@Z 00410772 f nafxcw:winfrm.obj
 0001:0000f78d       ?GetActiveView@CFrameWnd@@QBEPAVCView@@XZ 0041078d f nafxcw:winfrm.obj
 0001:0000f794       ?OnSetFocus@CFrameWnd@@IAEXPAVCWnd@@@Z 00410794 f nafxcw:winfrm.obj
 0001:0000f7af       ?GetActiveDocument@CFrameWnd@@UAEPAVCDocument@@XZ 004107af f nafxcw:winfrm.obj
 0001:0000f7c0       ?ShowControlBar@CFrameWnd@@QAEXPAVCControlBar@@HH@Z 004107c0 f nafxcw:winfrm.obj
 0001:0000f8c6       ?OnInitMenuPopup@CFrameWnd@@IAEXPAVCMenu@@IH@Z 004108c6 f nafxcw:winfrm.obj
 0001:0000fa44       ?OnMenuSelect@CFrameWnd@@IAEXIIPAUHMENU__@@@Z 00410a44 f nafxcw:winfrm.obj
 0001:0000fb39       ?GetMessageString@CFrameWnd@@UBEXIAAVCString@@@Z 00410b39 f nafxcw:winfrm.obj
 0001:0000fb7e       ?OnPopMessageString@CFrameWnd@@IAEJIJ@Z 00410b7e f nafxcw:winfrm.obj
 0001:0000fba2       ?OnSetMessageString@CFrameWnd@@IAEJIJ@Z 00410ba2 f nafxcw:winfrm.obj
 0001:0000fc8e       ?GetMessageBar@CFrameWnd@@UAEPAVCWnd@@XZ 00410c8e f nafxcw:winfrm.obj
 0001:0000fc9e       ?OnEnterIdle@CFrameWnd@@IAEXIPAVCWnd@@@Z 00410c9e f nafxcw:winfrm.obj
 0001:0000fccf       ?SetMessageText@CFrameWnd@@QAEXI@Z 00410ccf f nafxcw:winfrm.obj
 0001:0000fce6       ?DestroyDockBars@CFrameWnd@@QAEXXZ 00410ce6 f nafxcw:winfrm.obj
 0001:0000fd90       ?GetControlBar@CFrameWnd@@QAEPAVCControlBar@@I@Z 00410d90 f nafxcw:winfrm.obj
 0001:0000fdd4       ?OnUpdateControlBarMenu@CFrameWnd@@QAEXPAVCCmdUI@@@Z 00410dd4 f nafxcw:winfrm.obj
 0001:0000fe09       ?OnBarCheck@CFrameWnd@@QAEHI@Z 00410e09 f nafxcw:winfrm.obj
 0001:0000fe49       ?OnToolTipText@CFrameWnd@@IAEHIPAUtagNMHDR@@PAJ@Z 00410e49 f nafxcw:winfrm.obj
 0001:0000ff36       ?OnUpdateKeyIndicator@CFrameWnd@@IAEXPAVCCmdUI@@@Z 00410f36 f nafxcw:winfrm.obj
 0001:0000ffa5       ?OnUpdateContextHelp@CFrameWnd@@IAEXPAVCCmdUI@@@Z 00410fa5 f nafxcw:winfrm.obj
 0001:0000ffe7       ?OnUpdateFrameTitle@CFrameWnd@@UAEXH@Z 00410fe7 f nafxcw:winfrm.obj
 0001:0001002b       ?UpdateFrameTitleForDocument@CFrameWnd@@IAEXPBD@Z 0041102b f nafxcw:winfrm.obj
 0001:0001012c       ?OnSetPreviewMode@CFrameWnd@@UAEXHPAUCPrintPreviewState@@@Z 0041112c f nafxcw:winfrm.obj
 0001:0001034d       ?DelayUpdateFrameMenu@CFrameWnd@@UAEXPAUHMENU__@@@Z 0041134d f nafxcw:winfrm.obj
 0001:00010361       ?OnIdleUpdateCmdUI@CFrameWnd@@IAEXXZ 00411361 f nafxcw:winfrm.obj
 0001:000103cb       ?GetActiveFrame@CFrameWnd@@UAEPAV1@XZ 004113cb f nafxcw:winfrm.obj
 0001:000103ce       ?RecalcLayout@CFrameWnd@@UAEXH@Z 004113ce f nafxcw:winfrm.obj
 0001:000104bd       ?NegotiateBorderSpace@CFrameWnd@@UAEHIPAUtagRECT@@@Z 004114bd f nafxcw:winfrm.obj
 0001:00010545       ?OnSize@CFrameWnd@@IAEXIHH@Z 00411545 f nafxcw:winfrm.obj
 0001:00010564       ?OnEraseBkgnd@CFrameWnd@@IAEHPAVCDC@@@Z 00411564 f nafxcw:winfrm.obj
 0001:0001057a       ?ActivateFrame@CFrameWnd@@UAEXH@Z 0041157a f nafxcw:winfrm.obj
 0001:000105cf       ?BringToTop@CFrameWnd@@IAEXH@Z 004115cf f nafxcw:winfrm.obj
 0001:000105fe       ?GetDockingFrame@CControlBar@@QBEPAVCFrameWnd@@XZ 004115fe f nafxcw:winfrm.obj
 0001:0001060f       ?IsFloating@CControlBar@@QBEHXZ 0041160f f nafxcw:winfrm.obj
 0001:00010639       ?Create@CStatic@@QAEHPBDKABUtagRECT@@PAVCWnd@@I@Z 00411639 f nafxcw:winctrl1.obj
 0001:0001065b       ??1CStatic@@UAE@XZ         0041165b f nafxcw:winctrl1.obj
 0001:000106a8       ?Create@CButton@@QAEHPBDKABUtagRECT@@PAVCWnd@@I@Z 004116a8 f nafxcw:winctrl1.obj
 0001:000106ca       ??1CButton@@UAE@XZ         004116ca f nafxcw:winctrl1.obj
 0001:00010717       ?DrawItem@CButton@@UAEXPAUtagDRAWITEMSTRUCT@@@Z 00411717 f nafxcw:winctrl1.obj
 0001:0001071a       ?OnChildNotify@CButton@@MAEHIIJPAJ@Z 0041171a f nafxcw:winctrl1.obj
 0001:0001074b       ?AfxOleCanExitApp@@YGHXZ   0041174b f nafxcw:olelock.obj
 0001:00010759       ?AfxOleSetUserCtrl@@YGXH@Z 00411759 f nafxcw:olelock.obj
 0001:00010768       ?AfxOleGetUserCtrl@@YGHXZ  00411768 f nafxcw:olelock.obj
 0001:00010771       ??0_AFX_THREAD_STATE@@QAE@XZ 00411771 f nafxcw:afxstate.obj
 0001:000107ce       ??_E_AFX_THREAD_STATE@@UAEPAXI@Z 004117ce f nafxcw:afxstate.obj
 0001:000107ce       ??_G_AFX_THREAD_STATE@@UAEPAXI@Z 004117ce f nafxcw:afxstate.obj
 0001:000107e9       ??1_AFX_THREAD_STATE@@UAE@XZ 004117e9 f nafxcw:afxstate.obj
 0001:00010886       ?AfxGetThreadState@@YGPAV_AFX_THREAD_STATE@@XZ 00411886 f nafxcw:afxstate.obj
 0001:000108e6       ??0AFX_MODULE_STATE@@QAE@H@Z 004118e6 f nafxcw:afxstate.obj
 0001:00010981       ??_EAFX_MODULE_STATE@@UAEPAXI@Z 00411981 f nafxcw:afxstate.obj
 0001:00010981       ??_GAFX_MODULE_STATE@@UAEPAXI@Z 00411981 f nafxcw:afxstate.obj
 0001:00010a01       ??1?$CProcessLocal@VAFX_MODULE_PROCESS_STATE@@@@QAE@XZ 00411a01 f nafxcw:afxstate.obj
 0001:00010a3c       ??1?$CThreadLocal@VAFX_MODULE_THREAD_STATE@@@@QAE@XZ 00411a3c f nafxcw:afxstate.obj
 0001:00010a77       ??0AFX_MODULE_PROCESS_STATE@@QAE@XZ 00411a77 f nafxcw:afxstate.obj
 0001:00010ad2       ??_GAFX_MODULE_PROCESS_STATE@@UAEPAXI@Z 00411ad2 f nafxcw:afxstate.obj
 0001:00010ad2       ??_EAFX_MODULE_PROCESS_STATE@@UAEPAXI@Z 00411ad2 f nafxcw:afxstate.obj
 0001:00010aed       ??1AFX_MODULE_PROCESS_STATE@@UAE@XZ 00411aed f nafxcw:afxstate.obj
 0001:00010b2e       ??0AFX_MODULE_THREAD_STATE@@QAE@XZ 00411b2e f nafxcw:afxstate.obj
 0001:00010b90       ??_EAFX_MODULE_THREAD_STATE@@UAEPAXI@Z 00411b90 f nafxcw:afxstate.obj
 0001:00010b90       ??_GAFX_MODULE_THREAD_STATE@@UAEPAXI@Z 00411b90 f nafxcw:afxstate.obj
 0001:00010bab       ??1AFX_MODULE_THREAD_STATE@@UAE@XZ 00411bab f nafxcw:afxstate.obj
 0001:00010d71       ?AfxGetAppModuleState@@YGPAVAFX_MODULE_STATE@@XZ 00411d71 f nafxcw:afxstate.obj
 0001:00010d81       ??1AFX_MODULE_STATE@@UAE@XZ 00411d81 f nafxcw:afxstate.obj
 0001:00010ded       ??_G_AFX_BASE_MODULE_STATE@@UAEPAXI@Z 00411ded f nafxcw:afxstate.obj
 0001:00010ded       ??_E_AFX_BASE_MODULE_STATE@@UAEPAXI@Z 00411ded f nafxcw:afxstate.obj
 0001:00010e3c       ?AfxGetModuleState@@YGPAVAFX_MODULE_STATE@@XZ 00411e3c f nafxcw:afxstate.obj
 0001:00010e58       ?AfxGetModuleProcessState@@YGPAVAFX_MODULE_PROCESS_STATE@@XZ 00411e58 f nafxcw:afxstate.obj
 0001:00010e6e       ?AfxGetModuleThreadState@@YGPAVAFX_MODULE_THREAD_STATE@@XZ 00411e6e f nafxcw:afxstate.obj
 0001:00010e99       ?GetRuntimeClass@CDialog@@UBEPAUCRuntimeClass@@XZ 00411e99 f nafxcw:dlgcore.obj
 0001:00010e9f       ?CreateObject@CFrameWnd@@SGPAVCObject@@XZ 00411e9f f nafxcw:winfrm.obj
 0001:00010f14       ?GetRuntimeClass@CFrameWnd@@UBEPAUCRuntimeClass@@XZ 00411f14 f nafxcw:winfrm.obj
 0001:00010f44       ??0_AFX_WIN_STATE@@QAE@XZ  00411f44 f nafxcw:appcore.obj
 0001:00010f94       ??_G_AFX_WIN_STATE@@UAEPAXI@Z 00411f94 f nafxcw:appcore.obj
 0001:00010f94       ??_E_AFX_WIN_STATE@@UAEPAXI@Z 00411f94 f nafxcw:appcore.obj
 0001:00010faf       ??0CWinApp@@QAE@PBD@Z      00411faf f nafxcw:appcore.obj
 0001:0001109d       ??_ECWinApp@@UAEPAXI@Z     0041209d f nafxcw:appcore.obj
 0001:0001109d       ??_GCWinApp@@UAEPAXI@Z     0041209d f nafxcw:appcore.obj
 0001:000110bb       ?InitApplication@CWinApp@@UAEHXZ 004120bb f nafxcw:appcore.obj
 0001:000110fc       ?InitInstance@CWinApp@@UAEHXZ 004120fc f nafxcw:appcore.obj
 0001:00011102       ??1CWinApp@@UAE@XZ         00412102 f nafxcw:appcore.obj
 0001:0001121a       ?SaveStdProfileSettings@CWinApp@@IAEXXZ 0041221a f nafxcw:appcore.obj
 0001:00011256       ?ExitInstance@CWinApp@@UAEHXZ 00412256 f nafxcw:appcore.obj
 0001:00011291       ?GetRuntimeClass@CWinApp@@UBEPAUCRuntimeClass@@XZ 00412291 f nafxcw:appcore.obj
 0001:000112e7       ??_GCWinThread@@UAEPAXI@Z  004122e7 f nafxcw:thrdcore.obj
 0001:000112e7       ??_ECWinThread@@UAEPAXI@Z  004122e7 f nafxcw:thrdcore.obj
 0001:00011305       ??0CWinThread@@QAE@XZ      00412305 f nafxcw:thrdcore.obj
 0001:0001135f       ?CommonConstruct@CWinThread@@QAEXXZ 0041235f f nafxcw:thrdcore.obj
 0001:0001139e       ?GetRuntimeClass@CWinThread@@UBEPAUCRuntimeClass@@XZ 0041239e f nafxcw:thrdcore.obj
 0001:00011499       ?GetRuntimeClass@CCmdTarget@@UBEPAUCRuntimeClass@@XZ 00412499 f nafxcw:cmdtarg.obj
 0001:000114b4       ?GetRuntimeClass@CResourceException@@UBEPAUCRuntimeClass@@XZ 004124b4 f nafxcw:wingdi.obj
 0001:000115a8       ?GetRuntimeClass@CUserException@@UBEPAUCRuntimeClass@@XZ 004125a8 f nafxcw:wingdi.obj
 0001:00011687       ?CreateObject@CDC@@SGPAVCObject@@XZ 00412687 f nafxcw:wingdi.obj
 0001:000116f9       ?GetRuntimeClass@CDC@@UBEPAUCRuntimeClass@@XZ 004126f9 f nafxcw:wingdi.obj
 0001:00011714       ?GetRuntimeClass@CClientDC@@UBEPAUCRuntimeClass@@XZ 00412714 f nafxcw:wingdi.obj
 0001:00011744       ?GetRuntimeClass@CPaintDC@@UBEPAUCRuntimeClass@@XZ 00412744 f nafxcw:wingdi.obj
 0001:0001174a       ?CreateObject@CGdiObject@@SGPAVCObject@@XZ 0041274a f nafxcw:wingdi.obj
 0001:000117d2       ?GetRuntimeClass@CGdiObject@@UBEPAUCRuntimeClass@@XZ 004127d2 f nafxcw:wingdi.obj
 0001:00011802       ?GetRuntimeClass@CBrush@@UBEPAUCRuntimeClass@@XZ 00412802 f nafxcw:wingdi.obj
 0001:0001181d       ?GetRuntimeClass@CFont@@UBEPAUCRuntimeClass@@XZ 0041281d f nafxcw:wingdi.obj
 0001:00011862       ?CreateObject@CWnd@@SGPAVCObject@@XZ 00412862 f nafxcw:wincore.obj
 0001:000118d4       ?GetRuntimeClass@CWnd@@UBEPAUCRuntimeClass@@XZ 004128d4 f nafxcw:wincore.obj
 0001:000118ef       ?GetRuntimeClass@CStatic@@UBEPAUCRuntimeClass@@XZ 004128ef f nafxcw:winctrl1.obj
 0001:0001190a       ?GetRuntimeClass@CButton@@UBEPAUCRuntimeClass@@XZ 0041290a f nafxcw:winctrl1.obj
 0001:00011964       ?AddHead@CSimpleList@@QAEXPAX@Z 00412964 f nafxcw:afxtls.obj
 0001:00011977       ?Remove@CSimpleList@@QAEHPAX@Z 00412977 f nafxcw:afxtls.obj
 0001:000119c4       ??2CNoTrackObject@@SGPAXI@Z 004129c4 f nafxcw:afxtls.obj
 0001:000119e2       ??3CNoTrackObject@@SGXPAX@Z 004129e2 f nafxcw:afxtls.obj
 0001:000119f4       ??0CThreadSlotData@@QAE@H@Z 004129f4 f nafxcw:afxtls.obj
 0001:00011a46       ?AllocSlot@CThreadSlotData@@QAEHXZ 00412a46 f nafxcw:afxtls.obj
 0001:00011b4b       ?FreeSlot@CThreadSlotData@@QAEXH@Z 00412b4b f nafxcw:afxtls.obj
 0001:00011ba5       ?GetValue@CThreadSlotData@@QAEPAXH@Z 00412ba5 f nafxcw:afxtls.obj
 0001:00011beb       ?SetValue@CThreadSlotData@@QAEXHPAX@Z 00412beb f nafxcw:afxtls.obj
 0001:00011d3c       ??_GCThreadData@@UAEPAXI@Z 00412d3c f nafxcw:afxtls.obj
 0001:00011d3c       ??_ECThreadData@@UAEPAXI@Z 00412d3c f nafxcw:afxtls.obj
 0001:00011d8b       ?DeleteValues@CThreadSlotData@@QAEXPAUHINSTANCE__@@@Z 00412d8b f nafxcw:afxtls.obj
 0001:00011e80       ?GetData@CThreadLocalObject@@QAEPAVCNoTrackObject@@P6GPAV2@XZ@Z 00412e80 f nafxcw:afxtls.obj
 0001:00011eff       ??1CThreadLocalObject@@QAE@XZ 00412eff f nafxcw:afxtls.obj
 0001:00011f25       ?GetData@CProcessLocalObject@@QAEPAVCNoTrackObject@@P6GPAV2@XZ@Z 00412f25 f nafxcw:afxtls.obj
 0001:0001202e       ?GetDataNA@CProcessLocalObject@@QAEPAVCNoTrackObject@@XZ 0041302e f nafxcw:afxtls.obj
 0001:00012067       ??1CProcessLocalObject@@QAE@XZ 00413067 f nafxcw:afxtls.obj
 0001:0001208d       ?AfxTermLocalData@@YGXPAUHINSTANCE__@@@Z 0041308d f nafxcw:afxtls.obj
 0001:000120cb       ?GetRuntimeClass@CMapPtrToPtr@@UBEPAUCRuntimeClass@@XZ 004130cb f nafxcw:map_pp.obj
 0001:000120d1       ?AfxCriticalInit@@YGHXZ    004130d1 f nafxcw:afxcrit.obj
 0001:00012148       ?AfxLockGlobals@@YGXH@Z    00413148 f nafxcw:afxcrit.obj
 0001:00012261       ?AfxUnlockGlobals@@YGXH@Z  00413261 f nafxcw:afxcrit.obj
 0001:0001231a       ?AfxEnableWin40Compatibility@@YGXXZ 0041331a f nafxcw:auxdata.obj
 0001:0001234a       ?AfxEnableWin31Compatibility@@YGXXZ 0041334a f nafxcw:auxdata.obj
 0001:0001236f       ??0AUX_DATA@@QAE@XZ        0041336f f nafxcw:auxdata.obj
 0001:0001248b       ?GetRuntimeClass@CPtrList@@UBEPAUCRuntimeClass@@XZ 0041348b f nafxcw:list_p.obj
 0001:00012491       ?CreateObject@CMenu@@SGPAVCObject@@XZ 00413491 f nafxcw:winmenu.obj
 0001:00012519       ?GetRuntimeClass@CMenu@@UBEPAUCRuntimeClass@@XZ 00413519 f nafxcw:winmenu.obj
 0001:00012534       ?GetRuntimeClass@CException@@UBEPAUCRuntimeClass@@XZ 00413534 f nafxcw:except.obj
 0001:0001254f       ?GetRuntimeClass@CMemoryException@@UBEPAUCRuntimeClass@@XZ 0041354f f nafxcw:except.obj
 0001:00012643       ?GetRuntimeClass@CNotSupportedException@@UBEPAUCRuntimeClass@@XZ 00413643 f nafxcw:except.obj
 0001:00012722       ?GetAppRegistryKey@CWinApp@@QAEPAUHKEY__@@XZ 00413722 f nafxcw:appui3.obj
 0001:000127b8       ?GetSectionKey@CWinApp@@QAEPAUHKEY__@@PBD@Z 004137b8 f nafxcw:appui3.obj
 0001:00012806       ??1_AFX_CTL3D_STATE@@UAE@XZ 00413806 f nafxcw:app3d.obj
 0001:0001286a       ??1_AFX_CTL3D_THREAD@@UAE@XZ 0041386a f nafxcw:app3d.obj
 0001:0001297e       ?AfxWinInit@@YGHPAUHINSTANCE__@@0PADH@Z 0041397e f nafxcw:appinit.obj
 0001:000129db       ?AfxGlobalDupString@@YAPBDPBD@Z 004139db f nafxcw:appinit.obj
 0001:00012a0b       ?SetCurrentHandles@CWinApp@@QAEXXZ 00413a0b f nafxcw:appinit.obj
 0001:00012bd1       ?AfxGetFileName@@YGIPBDPADI@Z 00413bd1 f nafxcw:appinit.obj
 0001:00012c41       ??1_AFX_WIN_STATE@@UAE@XZ  00413c41 f nafxcw:appcore.obj
 0001:00012c92       ?AfxPostQuitMessage@@YGXH@Z 00413c92 f nafxcw:appcore.obj
 0001:00012cc2       ??1CWinThread@@UAE@XZ      00413cc2 f nafxcw:thrdcore.obj
 0001:00012d18       ??1AUX_DATA@@QAE@XZ        00413d18 f nafxcw:auxdata.obj
 0001:00012d77       ?AfxWinTerm@@YGXXZ         00413d77 f nafxcw:appterm.obj
 0002:00000000       ?messageMap@CMainWindow@@1UAFX_MSGMAP@@B 00414000   frame.obj
 0002:00000008       ?_messageEntries@CMainWindow@@0PBUAFX_MSGMAP_ENTRY@@B 00414008   frame.obj
 0002:00000158       ?messageMap@CPreferences@@1UAFX_MSGMAP@@B 00414158   frame.obj
 0002:00000160       ?_messageEntries@CPreferences@@0PBUAFX_MSGMAP_ENTRY@@B 00414160   frame.obj
 0002:000001a8       ??_7CSpiderApp@@6B@        004141a8   frame.obj
 0002:00000248       ??_7CFont@@6B@             00414248   frame.obj
 0002:00000260       ??_7CMainWindow@@6B@       00414260   frame.obj
 0002:00000358       ??_7CPreferences@@6B@      00414358   frame.obj
 0002:00000434       ??_7_AFX_THREAD_STATE@@6B@ 00414434   nafxcw:afxstate.obj
 0002:0000043c       ??_7CNoTrackObject@@6B@    0041443c   nafxcw:afxstate.obj
 0002:00000444       ??_7AFX_MODULE_STATE@@6B@  00414444   nafxcw:afxstate.obj
 0002:0000044c       ??_7AFX_MODULE_PROCESS_STATE@@6B@ 0041444c   nafxcw:afxstate.obj
 0002:00000454       ??_7AFX_MODULE_THREAD_STATE@@6B@ 00414454   nafxcw:afxstate.obj
 0002:0000045c       ??_7_AFX_BASE_MODULE_STATE@@6B@ 0041445c   nafxcw:afxstate.obj
 0002:00000460       ?messageMap@CDialog@@1UAFX_MSGMAP@@B 00414460   nafxcw:dlgcore.obj
 0002:00000468       ?_messageEntries@CDialog@@0PBUAFX_MSGMAP_ENTRY@@B 00414468   nafxcw:dlgcore.obj
 0002:00000544       ??_7CDialog@@6B@           00414544   nafxcw:dlgcore.obj
 0002:00000618       ?messageMap@CFrameWnd@@1UAFX_MSGMAP@@B 00414618   nafxcw:winfrm.obj
 0002:00000620       ?_messageEntries@CFrameWnd@@0PBUAFX_MSGMAP_ENTRY@@B 00414620   nafxcw:winfrm.obj
 0002:00000a14       ??_7CFrameWnd@@6B@         00414a14   nafxcw:winfrm.obj
 0002:00000b50       ?messageMap@CWinApp@@1UAFX_MSGMAP@@B 00414b50   nafxcw:appcore.obj
 0002:00000b58       ?_messageEntries@CWinApp@@0PBUAFX_MSGMAP_ENTRY@@B 00414b58   nafxcw:appcore.obj
 0002:00000bbc       ??_7_AFX_WIN_STATE@@6B@    00414bbc   nafxcw:appcore.obj
 0002:00000bc4       ??_7CWinApp@@6B@           00414bc4   nafxcw:appcore.obj
 0002:00000c6c       ??_7CObject@@6B@           00414c6c   nafxcw:appcore.obj
 0002:00000c84       ??_7CWinThread@@6B@        00414c84   nafxcw:thrdcore.obj
 0002:00000d0c       ??_7_AFX_CTL3D_STATE@@6B@  00414d0c   nafxcw:thrdcore.obj
 0002:00000d14       ??_7_AFX_CTL3D_THREAD@@6B@ 00414d14   nafxcw:thrdcore.obj
 0002:00000d18       ?messageMap@CCmdTarget@@1UAFX_MSGMAP@@B 00414d18   nafxcw:cmdtarg.obj
 0002:00000d20       ?_messageEntries@CCmdTarget@@0PBUAFX_MSGMAP_ENTRY@@B 00414d20   nafxcw:cmdtarg.obj
 0002:00000d38       ?dispatchMap@CCmdTarget@@1UAFX_DISPMAP@@B 00414d38   nafxcw:cmdtarg.obj
 0002:00000d48       ?_dispatchEntries@CCmdTarget@@0PBUAFX_DISPMAP_ENTRY@@B 00414d48   nafxcw:cmdtarg.obj
 0002:00000d68       ?eventsinkMap@CCmdTarget@@1UAFX_EVENTSINKMAP@@B 00414d68   nafxcw:cmdtarg.obj
 0002:00000d78       ?_eventsinkEntries@CCmdTarget@@0PBUAFX_EVENTSINKMAP_ENTRY@@B 00414d78   nafxcw:cmdtarg.obj
 0002:00000da0       ?interfaceMap@CCmdTarget@@1UAFX_INTERFACEMAP@@B 00414da0   nafxcw:cmdtarg.obj
 0002:00000db8       ?_interfaceEntries@CCmdTarget@@0PBUAFX_INTERFACEMAP_ENTRY@@B 00414db8   nafxcw:cmdtarg.obj
 0002:00000dc8       ?connectionMap@CCmdTarget@@1UAFX_CONNECTIONMAP@@B 00414dc8   nafxcw:cmdtarg.obj
 0002:00000dd0       ?_connectionEntries@CCmdTarget@@0PBUAFX_CONNECTIONMAP_ENTRY@@B 00414dd0   nafxcw:cmdtarg.obj
 0002:00000de4       ??_7CCmdTarget@@6B@        00414de4   nafxcw:cmdtarg.obj
 0002:00000e3c       ??_7CCmdUI@@6B@            00414e3c   nafxcw:cmdtarg.obj
 0002:00000e54       ??_7CDC@@6B@               00414e54   nafxcw:wingdi.obj
 0002:00000ed4       ??_7CClientDC@@6B@         00414ed4   nafxcw:wingdi.obj
 0002:00000f54       ??_7CPaintDC@@6B@          00414f54   nafxcw:wingdi.obj
 0002:00000fd4       ??_7CGdiObject@@6B@        00414fd4   nafxcw:wingdi.obj
 0002:00000fec       ??_7CBrush@@6B@            00414fec   nafxcw:wingdi.obj
 0002:00001004       ??_7CResourceException@@6B@ 00415004   nafxcw:wingdi.obj
 0002:00001024       ??_7CSimpleException@@6B@  00415024   nafxcw:wingdi.obj
 0002:00001044       ??_7CUserException@@6B@    00415044   nafxcw:wingdi.obj
 0002:00001064       ??_7CException@@6B@        00415064   nafxcw:wingdi.obj
 0002:00001080       ?_afxWnd@@3PBDB            00415080   nafxcw:wincore.obj
 0002:00001090       ?_afxWndControlBar@@3PBDB  00415090   nafxcw:wincore.obj
 0002:000010a8       ?_afxWndMDIFrame@@3PBDB    004150a8   nafxcw:wincore.obj
 0002:000010b8       ?_afxWndFrameOrView@@3PBDB 004150b8   nafxcw:wincore.obj
 0002:000010e0       ?messageMap@CWnd@@1UAFX_MSGMAP@@B 004150e0   nafxcw:wincore.obj
 0002:000010e8       ?_messageEntries@CWnd@@0PBUAFX_MSGMAP_ENTRY@@B 004150e8   nafxcw:wincore.obj
 0002:00001384       ??_7CWnd@@6B@              00415384   nafxcw:wincore.obj
 0002:00001444       ??_7CTestCmdUI@@6B@        00415444   nafxcw:wincore.obj
 0002:0000145c       ??_7CStatic@@6B@           0041545c   nafxcw:winctrl1.obj
 0002:0000151c       ??_7CButton@@6B@           0041551c   nafxcw:winctrl1.obj
 0002:000015e4       ??_7CThreadData@@6B@       004155e4   nafxcw:afxtls.obj
 0002:000015ec       ??_7CMapPtrToPtr@@6B@      004155ec   nafxcw:map_pp.obj
 0002:00001600       _afxIID_IClassFactory      00415600   nafxcw:filecore.obj
 0002:00001610       _afxIID_IPersistFile       00415610   nafxcw:filecore.obj
 0002:00001620       _afxCLSID_ShellLink        00415620   nafxcw:filecore.obj
 0002:00001630       _afxIID_IShellLink         00415630   nafxcw:filecore.obj
 0002:00001644       ??_7CPtrList@@6B@          00415644   nafxcw:list_p.obj
 0002:0000166c       ??_7CMenu@@6B@             0041566c   nafxcw:winmenu.obj
 0002:0000168c       ??_7CMemoryException@@6B@  0041568c   nafxcw:except.obj
 0002:000016ac       ??_7CNotSupportedException@@6B@ 004156ac   nafxcw:except.obj
 0002:0000171c       ??_7type_info@@6B@         0041571c   libc:typinfo.obj
 0002:000017b8       ___dnames                  004157b8   libc:timeset.obj
 0002:000017d0       ___mnames                  004157d0   libc:timeset.obj
 0002:000017f8       ___lookuptable             004157f8   libc:output.obj
 0002:00001858       ??_R4_AFX_THREAD_STATE@@6B@ 00415858   nafxcw:afxstate.obj
 0002:00001870       ??_R3_AFX_THREAD_STATE@@8  00415870   nafxcw:afxstate.obj
 0002:00001880       ??_R2_AFX_THREAD_STATE@@8  00415880   nafxcw:afxstate.obj
 0002:00001890       ??_R1A@?0A@A@_AFX_THREAD_STATE@@8 00415890   nafxcw:afxstate.obj
 0002:000018a8       ??_R4CNoTrackObject@@6B@   004158a8   nafxcw:afxstate.obj
 0002:000018c0       ??_R3CNoTrackObject@@8     004158c0   nafxcw:afxstate.obj
 0002:000018d0       ??_R2CNoTrackObject@@8     004158d0   nafxcw:afxstate.obj
 0002:000018d8       ??_R1A@?0A@A@CNoTrackObject@@8 004158d8   nafxcw:afxstate.obj
 0002:000018f0       ??_R4AFX_MODULE_STATE@@6B@ 004158f0   nafxcw:afxstate.obj
 0002:00001908       ??_R3AFX_MODULE_STATE@@8   00415908   nafxcw:afxstate.obj
 0002:00001918       ??_R2AFX_MODULE_STATE@@8   00415918   nafxcw:afxstate.obj
 0002:00001928       ??_R1A@?0A@A@AFX_MODULE_STATE@@8 00415928   nafxcw:afxstate.obj
 0002:00001940       ??_R4AFX_MODULE_PROCESS_STATE@@6B@ 00415940   nafxcw:afxstate.obj
 0002:00001958       ??_R3AFX_MODULE_PROCESS_STATE@@8 00415958   nafxcw:afxstate.obj
 0002:00001968       ??_R2AFX_MODULE_PROCESS_STATE@@8 00415968   nafxcw:afxstate.obj
 0002:00001978       ??_R1A@?0A@A@AFX_MODULE_PROCESS_STATE@@8 00415978   nafxcw:afxstate.obj
 0002:00001990       ??_R4AFX_MODULE_THREAD_STATE@@6B@ 00415990   nafxcw:afxstate.obj
 0002:000019a8       ??_R3AFX_MODULE_THREAD_STATE@@8 004159a8   nafxcw:afxstate.obj
 0002:000019b8       ??_R2AFX_MODULE_THREAD_STATE@@8 004159b8   nafxcw:afxstate.obj
 0002:000019c8       ??_R1A@?0A@A@AFX_MODULE_THREAD_STATE@@8 004159c8   nafxcw:afxstate.obj
 0002:000019e0       ??_R4_AFX_BASE_MODULE_STATE@@6B@ 004159e0   nafxcw:afxstate.obj
 0002:000019f8       ??_R3_AFX_BASE_MODULE_STATE@@8 004159f8   nafxcw:afxstate.obj
 0002:00001a08       ??_R2_AFX_BASE_MODULE_STATE@@8 00415a08   nafxcw:afxstate.obj
 0002:00001a18       ??_R1A@?0A@A@_AFX_BASE_MODULE_STATE@@8 00415a18   nafxcw:afxstate.obj
 0002:00001a30       ??_R4CDialog@@6B@          00415a30   nafxcw:dlgcore.obj
 0002:00001a48       ??_R3CDialog@@8            00415a48   nafxcw:dlgcore.obj
 0002:00001a58       ??_R2CDialog@@8            00415a58   nafxcw:dlgcore.obj
 0002:00001a70       ??_R1A@?0A@A@CObject@@8    00415a70   nafxcw:dlgcore.obj
 0002:00001a88       ??_R1A@?0A@A@CCmdTarget@@8 00415a88   nafxcw:dlgcore.obj
 0002:00001aa0       ??_R1A@?0A@A@CWnd@@8       00415aa0   nafxcw:dlgcore.obj
 0002:00001ab8       ??_R1A@?0A@A@CDialog@@8    00415ab8   nafxcw:dlgcore.obj
 0002:00001ad0       ??_R4CFrameWnd@@6B@        00415ad0   nafxcw:winfrm.obj
 0002:00001ae8       ??_R3CFrameWnd@@8          00415ae8   nafxcw:winfrm.obj
 0002:00001af8       ??_R2CFrameWnd@@8          00415af8   nafxcw:winfrm.obj
 0002:00001b10       ??_R1A@?0A@A@CFrameWnd@@8  00415b10   nafxcw:winfrm.obj
 0002:00001b28       ??_R4_AFX_WIN_STATE@@6B@   00415b28   nafxcw:appcore.obj
 0002:00001b40       ??_R3_AFX_WIN_STATE@@8     00415b40   nafxcw:appcore.obj
 0002:00001b50       ??_R2_AFX_WIN_STATE@@8     00415b50   nafxcw:appcore.obj
[...]
 0001:00012649       _$E300                     00413649 f nafxcw:except.obj
 0001:00012653       _$E297                     00413653 f nafxcw:except.obj
 0001:000126d3       _$E299                     004136d3 f nafxcw:except.obj
 0001:000126e1       _$E298                     004136e1 f nafxcw:except.obj
 0001:0000d294       ?afxMapHMENU@@YAPAVCHandleMap@@H@Z 0040e294 f nafxcw:winmenu.obj
 0001:00012504       _$E284                     00413504 f nafxcw:winmenu.obj
 0001:00012509       _$E283                     00413509 f nafxcw:winmenu.obj
 0001:00012476       _$E284                     00413476 f nafxcw:list_p.obj
 0001:0001247b       _$E283                     0041347b f nafxcw:list_p.obj
 0001:00012461       _$E284                     00413461 f nafxcw:filecore.obj
 0001:00012466       _$E283                     00413466 f nafxcw:filecore.obj
 0001:000122ee       _$E286                     004132ee f nafxcw:auxdata.obj
 0001:000122f8       _$E283                     004132f8 f nafxcw:auxdata.obj
 0001:00012302       _$E285                     00413302 f nafxcw:auxdata.obj
 0001:00012310       _$E284                     00413310 f nafxcw:auxdata.obj
 0001:000120b6       _$E284                     004130b6 f nafxcw:map_pp.obj
 0001:000120bb       _$E283                     004130bb f nafxcw:map_pp.obj
 0001:000118da       _$E291                     004128da f nafxcw:winctrl1.obj
 0001:000118df       _$E290                     004128df f nafxcw:winctrl1.obj
 0001:000118f5       _$E294                     004128f5 f nafxcw:winctrl1.obj
 0001:000118fa       _$E293                     004128fa f nafxcw:winctrl1.obj
 0001:00011910       _$E297                     00412910 f nafxcw:winctrl1.obj
 0001:00011915       _$E296                     00412915 f nafxcw:winctrl1.obj
 0001:00011925       _$E300                     00412925 f nafxcw:winctrl1.obj
 0001:0001192a       _$E299                     0041292a f nafxcw:winctrl1.obj
 0001:0001193a       _$E303                     0041293a f nafxcw:winctrl1.obj
 0001:0001193f       _$E302                     0041293f f nafxcw:winctrl1.obj
 0001:0001194f       _$E306                     0041294f f nafxcw:winctrl1.obj
 0001:00011954       _$E305                     00412954 f nafxcw:winctrl1.obj
 0001:0000983b       _$E291                     0040a83b f nafxcw:wincore.obj
 0001:00009840       _$E290                     0040a840 f nafxcw:wincore.obj
 0001:00009851       _$E297                     0040a851 f nafxcw:wincore.obj
 0001:0000985b       _$E293                     0040a85b f nafxcw:wincore.obj
 0001:00009868       _$E296                     0040a868 f nafxcw:wincore.obj
 0001:00009876       _$E294                     0040a876 f nafxcw:wincore.obj
 0001:00009891       _$E302                     0040a891 f nafxcw:wincore.obj
 0001:0000989b       _$E299                     0040a89b f nafxcw:wincore.obj
 0001:000098a8       _$E301                     0040a8a8 f nafxcw:wincore.obj
 0001:000098b6       _$E300                     0040a8b6 f nafxcw:wincore.obj
 0001:000098d1       _$E307                     0040a8d1 f nafxcw:wincore.obj
 0001:000098db       _$E304                     0040a8db f nafxcw:wincore.obj
 0001:000098e8       _$E306                     0040a8e8 f nafxcw:wincore.obj
 0001:000098f6       _$E305                     0040a8f6 f nafxcw:wincore.obj
 0001:00009911       _$E312                     0040a911 f nafxcw:wincore.obj
 0001:0000991b       _$E309                     0040a91b f nafxcw:wincore.obj
 0001:00009928       _$E311                     0040a928 f nafxcw:wincore.obj
 0001:00009936       _$E310                     0040a936 f nafxcw:wincore.obj
 0001:00009a30       ?_AfxModifyStyle@@YGHPAUHWND__@@HKKI@Z 0040aa30 f nafxcw:wincore.obj
 0001:00009b8d       ?_AfxPreInitDialog@@YGXPAVCWnd@@PAUtagRECT@@PAK@Z 0040ab8d f nafxcw:wincore.obj
 0001:00009bb0       ?_AfxPostInitDialog@@YGXPAVCWnd@@ABUtagRECT@@K@Z 0040abb0 f nafxcw:wincore.obj
 0001:00009c9a       ?afxMapHWND@@YAPAVCHandleMap@@H@Z 0040ac9a f nafxcw:wincore.obj
 0001:00009fa4       ?_AfxHandleActivate@@YGXPAVCWnd@@I0@Z 0040afa4 f nafxcw:wincore.obj
 0001:0000a005       ?_AfxHandleSetCursor@@YGHPAVCWnd@@II@Z 0040b005 f nafxcw:wincore.obj
 0001:0000a9a6       ?FindPopupMenuFromID@@YAPAVCMenu@@PAV1@I@Z 0040b9a6 f nafxcw:wincore.obj
 0001:0000c7e2       ?RegisterWithIcon@@YGHPAUtagWNDCLASSA@@PBDI@Z 0040d7e2 f nafxcw:wincore.obj
 0001:000118bf       _$E315                     004128bf f nafxcw:wincore.obj
 0001:000118c4       _$E314                     004128c4 f nafxcw:wincore.obj
 0001:00009749       _$E284                     0040a749 f nafxcw:objcore.obj
 0001:0000974e       _$E283                     0040a74e f nafxcw:objcore.obj
 0001:0000d59f       ?afxMapHDC@@YAPAVCHandleMap@@H@Z 0040e59f f nafxcw:wingdi.obj
 0001:0000ddbb       ?afxMapHGDIOBJ@@YAPAVCHandleMap@@H@Z 0040edbb f nafxcw:wingdi.obj
 0001:0001149f       _$E284                     0041249f f nafxcw:wingdi.obj
 0001:000114a4       _$E283                     004124a4 f nafxcw:wingdi.obj
 0001:000114ba       _$E289                     004124ba f nafxcw:wingdi.obj
 0001:000114c4       _$E286                     004124c4 f nafxcw:wingdi.obj
 0001:00011544       _$E288                     00412544 f nafxcw:wingdi.obj
 0001:00011552       _$E287                     00412552 f nafxcw:wingdi.obj
 0001:00011593       _$E292                     00412593 f nafxcw:wingdi.obj
 0001:00011598       _$E291                     00412598 f nafxcw:wingdi.obj
 0001:000115ae       _$E297                     004125ae f nafxcw:wingdi.obj
 0001:000115b8       _$E294                     004125b8 f nafxcw:wingdi.obj
 0001:00011638       _$E296                     00412638 f nafxcw:wingdi.obj
 0001:00011646       _$E295                     00412646 f nafxcw:wingdi.obj
 0001:000116e4       _$E300                     004126e4 f nafxcw:wingdi.obj
 0001:000116e9       _$E299                     004126e9 f nafxcw:wingdi.obj
 0001:000116ff       _$E303                     004126ff f nafxcw:wingdi.obj
 0001:00011704       _$E302                     00412704 f nafxcw:wingdi.obj
 0001:0001171a       _$E306                     0041271a f nafxcw:wingdi.obj
 0001:0001171f       _$E305                     0041271f f nafxcw:wingdi.obj
 0001:0001172f       _$E309                     0041272f f nafxcw:wingdi.obj
 0001:00011734       _$E308                     00412734 f nafxcw:wingdi.obj
 0001:000117bd       _$E312                     004127bd f nafxcw:wingdi.obj
 0001:000117c2       _$E311                     004127c2 f nafxcw:wingdi.obj
 0001:000117d8       _$E315                     004127d8 f nafxcw:wingdi.obj
 0001:000117dd       _$E314                     004127dd f nafxcw:wingdi.obj
 0001:000117ed       _$E318                     004127ed f nafxcw:wingdi.obj
 0001:000117f2       _$E317                     004127f2 f nafxcw:wingdi.obj
 0001:00011808       _$E321                     00412808 f nafxcw:wingdi.obj
 0001:0001180d       _$E320                     0041280d f nafxcw:wingdi.obj
 0001:00011823       _$E324                     00412823 f nafxcw:wingdi.obj
 0001:00011828       _$E323                     00412828 f nafxcw:wingdi.obj
 0001:00011838       _$E327                     00412838 f nafxcw:wingdi.obj
 0001:0001183d       _$E326                     0041283d f nafxcw:wingdi.obj
 0001:0001184d       _$E330                     0041284d f nafxcw:wingdi.obj
 0001:00011852       _$E329                     00412852 f nafxcw:wingdi.obj
 0001:00009326       ?DispatchCmdMsg@@YAHPAVCCmdTarget@@IHP81@AEXXZPAXIPAUAFX_CMDHANDLERINFO@@@Z 0040a326 f nafxcw:cmdtarg.obj
 0001:000113a4       ?_AfxLoadDotBitmap@@YGXXZ  004123a4 f nafxcw:cmdtarg.obj
 0001:00011484       _$E291                     00412484 f nafxcw:cmdtarg.obj
 0001:00011489       _$E290                     00412489 f nafxcw:cmdtarg.obj
 0001:00009111       ?IsHelpKey@@YGHPAUtagMSG@@@Z 0040a111 f nafxcw:thrdcore.obj
 0001:00011389       _$E284                     00412389 f nafxcw:thrdcore.obj
 0001:0001138e       _$E283                     0041238e f nafxcw:thrdcore.obj
 0001:0001127c       _$E284                     0041227c f nafxcw:appcore.obj
 0001:00011281       _$E283                     00412281 f nafxcw:appcore.obj
 0001:00011297       _$E289                     00412297 f nafxcw:appcore.obj
 0001:000112a1       _$E286                     004122a1 f nafxcw:appcore.obj
 0001:000112a2       _$E288                     004122a2 f nafxcw:appcore.obj
 0001:000112b0       _$E287                     004122b0 f nafxcw:appcore.obj
 0001:0000e50e       _$E284                     0040f50e f nafxcw:winfrm.obj
 0001:0000e513       _$E283                     0040f513 f nafxcw:winfrm.obj
 0001:00010eff       _$E287                     00411eff f nafxcw:winfrm.obj
 0001:00010f04       _$E286                     00411f04 f nafxcw:winfrm.obj
 0001:00010f1a       _$E290                     00411f1a f nafxcw:winfrm.obj
 0001:00010f1f       _$E289                     00411f1f f nafxcw:winfrm.obj
 0001:00010f2f       _$E293                     00411f2f f nafxcw:winfrm.obj
 0001:00010f34       _$E292                     00411f34 f nafxcw:winfrm.obj
 0001:00010e84       _$E291                     00411e84 f nafxcw:dlgcore.obj
 0001:00010e89       _$E290                     00411e89 f nafxcw:dlgcore.obj
 0001:00010896       _$E286                     00411896 f nafxcw:afxstate.obj
 0001:000108a0       _$E283                     004118a0 f nafxcw:afxstate.obj
 0001:000108a1       _$E285                     004118a1 f nafxcw:afxstate.obj
 0001:000108af       _$E284                     004118af f nafxcw:afxstate.obj
 0001:00010d21       _$E291                     00411d21 f nafxcw:afxstate.obj
 0001:00010d2b       _$E288                     00411d2b f nafxcw:afxstate.obj
 0001:00010d2c       _$E290                     00411d2c f nafxcw:afxstate.obj
 0001:00010d3a       _$E289                     00411d3a f nafxcw:afxstate.obj
 0001:00006b90       _strncnt                   00407b90 f libc:aw_map.obj
 0001:00006760       _flsall                    00407760 f libc:fflush.obj
 0001:00006650       _siglookup                 00407650 f libc:winsig.obj
 0001:00005e60       _$E2                       00406e60 f libc:unhandld.obj
 0001:00005e70       _$E1                       00406e70 f libc:unhandld.obj
 0001:000055f0       _parse_cmdline             004065f0 f libc:stdargv.obj
 0001:00005430       _x_ismbbtype               00406430 f libc:ismbbyte.obj
 0001:000053e0       _xcptlookup                004063e0 f libc:winxfltr.obj
 0001:00004640       ?FindHandler@@YAXPAUEHExceptionRecord@@PAUEHRegistrationNode@@PAU_CONTEXT@@PAXPBU_s_FuncInfo@@EH1@Z 00405640 f libc:frame.obj
 0001:000048e0       ?FindHandlerForForeignException@@YAXPAUEHExceptionRecord@@PAUEHRegistrationNode@@PAU_CONTEXT@@PAXPBU_s_FuncInfo@@HH1@Z 004058e0 f libc:frame.obj
 0001:000049c0       ?GetRangeOfTrysToCheck@@YAPBU_s_TryBlockMapEntry@@PBU_s_FuncInfo@@HHPAI1@Z 004059c0 f libc:frame.obj
 0001:00004b30       ?FrameUnwindFilter@@YAHPAU_EXCEPTION_POINTERS@@@Z 00405b30 f libc:frame.obj
 0001:00004b50       ?CatchIt@@YAXPAUEHExceptionRecord@@PAUEHRegistrationNode@@PAU_CONTEXT@@PAXPBU_s_FuncInfo@@PBU_s_HandlerType@@PBU_s_CatchableType@@PBU_s_TryBlockMapEntry@@H1@Z 00405b50 f libc:frame.obj
 0001:00004bf0       ?CallCatchBlock@@YAPAXPAUEHExceptionRecord@@PAUEHRegistrationNode@@PAU_CONTEXT@@PBU_s_FuncInfo@@PAXHK@Z 00405bf0 f libc:frame.obj
 0001:00004d00       ?ExFilterRethrow@@YAHPAU_EXCEPTION_POINTERS@@@Z 00405d00 f libc:frame.obj
 0001:00004d30       ?BuildCatchObject@@YAXPAUEHExceptionRecord@@PAUEHRegistrationNode@@PBU_s_HandlerType@@PBU_s_CatchableType@@@Z 00405d30 f libc:frame.obj
 0001:00004f30       ?DestructExceptionObject@@YAXPAUEHExceptionRecord@@E@Z 00405f30 f libc:frame.obj
 0001:00004fb0       ?AdjustPointer@@YAPAXPAXABUPMD@@@Z 00405fb0 f libc:frame.obj
 0001:00004420       _getSystemCP               00405420 f libc:mbctype.obj
 0001:00004470       _CPtoLCID                  00405470 f libc:mbctype.obj
 0001:000044d0       _setSBCS                   004054d0 f libc:mbctype.obj
 0001:00003eb0       _doexit                    00404eb0 f libc:crt0dat.obj
 0001:00003f30       __initterm                 00404f30 f libc:crt0dat.obj
 0001:00003840       ?ArrayUnwindFilter@@YAHPAU_EXCEPTION_POINTERS@@@Z 00404840 f libc:ehvecdtr.obj
 0001:0000355c       __unwind_handler           0040455c f libc:exsup.obj
 0001:000033c0       ?CatchGuardHandler@@YA?AW4_EXCEPTION_DISPOSITION@@PAUEHExceptionRecord@@PAUCatchGuardRN@@PAX2@Z 004043c0 f libc:trnsctrl.obj
 0001:000034d0       ?TranslatorGuardHandler@@YA?AW4_EXCEPTION_DISPOSITION@@PAUEHExceptionRecord@@PAUTranslatorGuardRN@@PAX2@Z 004044d0 f libc:trnsctrl.obj

FIXUPS: 4522 5bf fffffe71 c 5 10 19 8 5 5 31 5a 6 19 10 32 a fffffe41 fffffed0
FIXUPS: 4813 3c fffffe08 21 13 4b 20 13 fffffe47 fffffd88 60 64 45 12e
FIXUPS: 5ea6 10 1b e f e 7 10 61 12 fffff5a2 fffffd25 20 b2 77 6a 103 fffffd16
FIXUPS: 5221 c fffffc29 12 12 20 6b 12 fffffeb5 33 11 fffffe87 fffffe28
FIXUPS: 4ad4 e40 2b 56 6c 46 64 2d b 2f 2d 2e 1f 18 29 e 89 4f a d 17 b5
FIXUPS: 5da9 1d 20 13 19 21 1e 13 1c a d 737 fffffed9 15 2e 10 3c fffffee4
FIXUPS: 6288 ffffff7b d 11 2f 25 fffffecc 11 37 ffffff15 80 fffffee1 1e
FIXUPS: 558e 29 77 33 49 c 26 45 12a 2d 3f 10 1e8c 35 19 fffffd5d 4a fffffec2
FIXUPS: 747d fffffef9 3c fffffe01 a a ffffff66 a fffffe36 fffffef4 15 39
FIXUPS: 6ecc fffffcc1 18 e4 bd fffffc37 10 94 fffffe6c 25 68 fffffc74 14
FIXUPS: 65b2 1d3b 20 d fffffe3a b c 1b ffffff22 4a fffffe03 ffffff9b 1c
FIXUPS: 7ca3 11e fffffe28 fffffded 85 82 9 17 77 9 fffffdc0 fffffec5 1f
FIXUPS: 7834 6d e fffffded b 1d 4b a6c8 a 8 a 20 1d 8 f c 6 10 6 10 ffff1c77
FIXUPS: 3b06 b 1c 20 8 b b 1c 20 8 b e 1c 20 8 4757 ffffff71 c 9908 2a
FIXUPS: 11c3c 2a 2a 27 8 b 8 b 8 b 8 b 8 a 8 5 5 b e 23 a f ffff1cf2 11
FIXUPS: 3a94 19 23 8 e2af 42 fffffb19 a 71 e a 8 a 35 21 e a 8 a 29 8 a
FIXUPS: 11a6b 8 a 49 8 8 d 10 2f 8 a 50 8 8 d 10 ffff73ee c 30 b 8 2f f
FIXUPS: 903a 11 2e fffff927 1a 73 11d 35 f 39 8bb0 4b 8 8 d 10 63 28 8
FIXUPS: 11891 6 5 b e 23 ffff73cc 8 24 14 c 14 d d 23 a 30 f 21 1f 9 19
FIXUPS: 8df8 41 1b 28 22 b 11 14 12 2a c 30 b 8 a 12 8b8 17 79 22 85a6
FIXUPS: 11e94 ffffd2ba 1e 15 44 c e 42 b 16 47 3e 10 24 c 12 10 3f 8 11
FIXUPS: f389 56 ffff9820 2a d 18 d 904 19 3b 7 6 22 6 9 16 12 13 31 37
FIXUPS: 96a6 17 35 b 1f d 10 e 2e 2d c d d d 10 b 16 11 d fffff9fc 23 8
FIXUPS: 9255 d d 5 58 17 27 19 2c f 8 32 13 14 2d 69 8 1e 12 14 43 8 b
FIXUPS: 94ff c 8 17 a 23 7f0e 26 1f 4a 55 2a 3e d 8 3c 8a3 e 1f 20 8 6
FIXUPS: 11f0f c f 6 f ffff7195 b 31 12 1a 1f 33 23 2f d 13 7aec 10 31 26
FIXUPS: 10d84 8 51 b 2a 14 15 14 c 1f 4d 14 17 38 8 77 9 39 38 16 e7 b5
FIXUPS: 111fa 5c ea 7e 57 32 fffff361 8 1c 3f 1a 17 48 25 2d f 8 b 25 3e
FIXUPS: 109a5 47 4b 12 d1 2a 11 c 15 32 38 4b 7 50 8 f 11 1d fffff5ce 10
FIXUPS: 102d3 b 1e b 2b 30 c 13 27 7 e 1b 4b 7 17 4c 25 29 92 19 49 20
FIXUPS: 10605 9 1f c5 3c 15 e 50 fffff706 23 1d c 5d 21 26 21 17 1b c 16
FIXUPS: 10011 12 30 23 18 19 20 8 80 25 9 5 b 7 12 31 38 25 1e e fffff59e
FIXUPS: f84f 26 20 15 27 46 63 17 36 28 d 45 2f d a4 32 14 7d 1e 81 12
FIXUPS: fca3 15 5c 38 12 52 2c 3b 34 47 2451 ffff762f 8 16 c 28 5bab 2c
FIXUPS: f54d d 14 7f 24 b a 8 8 d 13 18 39 b a 8 8 9 a 9 a 5e 8 73 293d
FIXUPS: 12144 ca 8 20 1a a d ffff7715 b 7 a306 8 ffff5d02 9 73 18 1c 20
FIXUPS: 9a91 47 61 26 20 17 86e7 f c 5 b e 23 c0 ffff188e b 2d 22 8 9 d
FIXUPS: 3caf b 2d 22 8 9 d e223 3e 8 8 d 1ca2 1c 23 8 ffffe327 11 14 1a
FIXUPS: 12091 8 8 d 1c66 ffff6042 10 5 29 24 15 e 1a b 5 a0 a 9 1c 16 7
FIXUPS: 9f38 1a 1d 44 b d f e 4f 9 1f 45 2a a4 8218 ffff7efc 8 13 51 2b
FIXUPS: a496 13 67 80 1e 7 c 9d 7b 7d32 7a f ffff7710 a 20 2a c 14 86d3
FIXUPS: 122f8 13 e 18 22 8 196d 44 ffffeb3c 6 f ffffc694 ffff4e46 2f 8
FIXUPS: 3d78 26 20 8 a 26 20 8 a 2f 8 a 26 20 8 a 26 20 8 62b4 53 8 8 d
FIXUPS: a246 8406 2d a a b 1f 20 8 6 f c f c f 6 f 11 b 33 22 8 6 f c f
FIXUPS: 127ee f c f c f 6 ffffc603 8 b e 1b e 1e 10 1b 35d1 f c 5 a e 54
FIXUPS: 12536 a a e 2d a 5 f c 5 a e 54 a a a ffffc589 e 2e 9 24 8 8 d
FIXUPS: ec60 18 30 8 a e 29 9 24 8 8 d 13 28 23 8 7 e b d 16 9 1d 14 ffffb9d0
FIXUPS: a7f7 9 c 7 3d07 45 8 8 d 10 e b d 16 9 1d 14 1e 8 b e 1b e 2b 10
FIXUPS: e6c2 20 2a 8 e2 5a ffffece1 2c 1e 2e 5a 2e 19 35 59 10 14 21 35
FIXUPS: d783 31 3f 2a 504b b 1f 20 8 6 f ffff17af 8 66c4 f 16 17 14 44
FIXUPS: cf45 51 e 12 7 c 15 7 1b 11 19 b 16 b 4c 1c 11 20 18 23 b 44 59
FIXUPS: d1e9 5 6c 16 2e 15e 24 35 a4 fffff7b1 89 1c 27 1c 41 b 11 10 e
FIXUPS: ce1f f 5 b 9 14 10 19 7 c 15 7 9 19 d 9 e 8 7 c 15 13 fffff730
FIXUPS: c6b1 e 26 d 2d e 8c 34 10 7 1d 42 12 30 91 7b 3b c3 14 21 3c 25
FIXUPS: cb52 24 1c 20 d 14 21 8 f fffff33f 1a 44 8 b 3e 8 12 40 30 ad 7
FIXUPS: c157 13 22 13 22 26 16 13 20 74 3c 1d5 5f 3d 1c 3b 1b 4e 23 1b
FIXUPS: ba57 2d 20 7 10 e 8 8d 9 26 2e d 8 8 3c 7 1e 3b 28 8 99 7b a 1b
FIXUPS: be01 1f 63 1b 42 2f 18 11 fffff6ec 43 30 41 11 25 5e 1a 68 6d 18
FIXUPS: b87e 1c 11 18 b 1c 11 1f 11 19 1a 9 1e d b 2e e 26 e 37 b fffff6c9
FIXUPS: b13b 12 15 18 15 75 32 29 1b 4a 2c 27 34 13 7 8b 2d 31 2b 12 60
FIXUPS: b4fc 3b 48 8 10 10 b a b 42 fffff7cc 10 28 12 14 50 c 6 1c 6 30
FIXUPS: aef7 2a 56 19 10 13 e c 5e 15 12 b 2e 4a 18 ffff8f3c b 1c 20 8
FIXUPS: b0ff fffff9a2 11 59 27 2f 18 10 19 21 37 b 1b 13 38 1c e b d 16
FIXUPS: accc 1d 14 1e 8 d 10 a 16 18 23 10 a fffffaa2 c b 1e 6 5 c b 1e
FIXUPS: a8d2 5 c b 1e 6 5 c b 1e b e 17 25 8 8 d 13 12 14 2d 8 67 8510
FIXUPS: 12fb2 1b 4d 10 27 30 1b 13 ffffe5b2 18 23 8 2c 18 23 8 1e 11aa
FIXUPS: 128ea c f c f 6 f 6 f 6 f ffff7edd 16 ffffdfad 48 34 18 7 65 a7b8
FIXUPS: 130c6 fffff912 52 cb 20 dc 4c 30 1a 24 8 28 19 4e 20 1d 8 b4 6c
FIXUPS: 12ec3 f 1a 2d 12 44 ffffaa03 9 2e b 9 50 7 5740 ffffa716 a f 24
FIXUPS: d8db 11 1d 6 12 ffffad31 57 8 8 d 20 1d e 20 16 10 18 23 8 1a 52f2
FIXUPS: db2b 8 11 b 35 27 13 1a 23 1c 584b f fffffe7e 5 a a e d5 3a 8fb
FIXUPS: 13d29 9 9 9 9 9 c 9 6 ffff9bf2 6 17ae 14 f ffff936a 53 8 8 d 23
FIXUPS: 8547 18 23 8 1a 4f ae84 f ffffa7b4 c 3e b1 2b 93 38 1b 9d 19 4b
FIXUPS: df63 c1 fffffa28 4d 5dd 5 5 5 5 f 24 c a 13 1a 17 c e 39 a 8 22
FIXUPS: e1b4 24 b b a 4f 2c 34d9 e f ffffd924 19 49 13 fffff17f e b d 16
FIXUPS: e2c6 1d 14 1e 8 b e 12 18 1c 10 1b 50f0 b 33 22 8 6 f ffff0b7c
FIXUPS: 40a8 1a 20 8 9f48 d 1b 5519 54 a a a e 2d a 5 f c 5 a e 54 a a
FIXUPS: 136d9 e 2d a ffff4d0e 2a 40 ffffbc5e 26 20 8 a 26 20 8 f6c4 8 a
FIXUPS: 1388c 31 8 5 5 b e 23 a 5 5 b e 23 a fffffe63 ffffbcdf ffffef18
FIXUPS: e405 8 69 1a 5090 f c f c 5 a 6d7 fffffd52 e 21 5 b 32 1b 36 e
FIXUPS: 13a7e 11 27 10 9 20 11 23 14 2b 12 7 2d 12 7 2d b fffffd71 f ffff4ca7
FIXUPS: 863d b1cf fffeea48 12 8 5 24 33 30 30 5b 40 119b7 c f d 19 5 1d
FIXUPS: 13de9 ffffa6bd 14 3a ffff9ead 9 12 1a b 6 5 a a e b81f fffee059
FIXUPS: 1cbf 5f 8 55 44 67 10 5f 17 4a 22 12 14 2f 48 34 28 16 14 28 13
FIXUPS: 208b 13 12 12 8 2d 18 37 f4 d ffffefe6 8 8 8 c 6 8 9 8 8 e 8 ea
FIXUPS: 138c 113 bb 10 fa 40 57 b1 100 183 c 8 28 3d 1e 16 c5 56 6d 1ce8
FIXUPS: 3978 7 16 17 17 1b 1b 2a 29 9 7 ffffd5b5 8 21 8 4d 8 1d 8 21 8
FIXUPS: 10fe 8 34 8 2e 8 7b 18 f a 224f 21 a 4b 66 118 10 45 d 3f 5a 28
FIXUPS: 3792 a 21 2d 2a a 8 a 20 20 8 a 29 8 18 9 1b 31 7 9 fffff7f4 21
FIXUPS: 3155 34 8 a 12 12 13 34 8 11 19 12 e 21 10 31 8 9b 13 1a 1c d 3b
FIXUPS: 33fd d 26 8 8 13 11 fffff7ba e e e e a 8 32 c6 26 a7 b 21 36 2c
FIXUPS: 2ee0 26 38 27 28 35 28 29 28 18 32 11 27 a a 35 11 fffff803 23
FIXUPS: 2945 a 26 20 8 a 2f 8 a 26 20 8 a 2f 8 25 e 2f 8 8 d 11 d 13 83
FIXUPS: 2bce e 17 f e fffffac7 3b 28 e e e e e 17 f e e e e e e e e e e
FIXUPS: 2840 e e a 8 16 1a 18 1a 20 8 a fffffad9 11 1f 14 2b 8 a b 5 a
FIXUPS: 2484 2c a 11 e 23 a a 20 20 8 10 17 e 19 19 19 1e 19 19 28 64
